Feb 26 02:26:11 jumpbox sshd[1980]: Failed password for root from 61.177.172.24 port 33926 ssh2
Feb 26 02:26:30 jumpbox sshd[1982]: Failed password for root from 61.177.172.24 port 46210 ssh2
Feb 26 02:26:47 jumpbox sshd[1984]: Failed password for root from 61.177.172.24 port 46042 ssh2
Feb 26 02:27:05 jumpbox sshd[1986]: Failed password for root from 61.177.172.24 port 49034 ssh2
Feb 26 02:28:57 jumpbox sshd[1993]: Failed password for root from 125.121.44.203 port 44975 ssh2
Feb 26 02:32:12 jumpbox sshd[1995]: Failed password for invalid user dbuser from 182.61.26.153 port 1034 ssh2
Feb 26 02:32:15 jumpbox sshd[1995]: Failed password for invalid user dbuser from 182.61.26.153 port 1034 ssh2
Feb 26 02:32:17 jumpbox sshd[1995]: Failed password for invalid user dbuser from 182.61.26.153 port 1034 ssh2
Feb 26 02:34:19 jumpbox sshd[1997]: Failed password for root from 119.185.43.54 port 23003 ssh2
Feb 26 02:46:48 jumpbox sshd[2002]: Failed password for root from 114.232.184.219 port 44630 ssh2
Feb 26 02:46:58 jumpbox sshd[2002]: Failed password for root from 114.232.184.219 port 44630 ssh2
Feb 26 02:47:01 jumpbox sshd[2002]: Failed password for root from 114.232.184.219 port 44630 ssh2
Feb 26 03:21:09 jumpbox sshd[2011]: Failed password for invalid user cele from 119.160.197.102 port 21331 ssh2
Feb 26 03:21:12 jumpbox sshd[2011]: Failed password for invalid user cele from 119.160.197.102 port 21331 ssh2
Feb 26 03:21:14 jumpbox sshd[2011]: Failed password for invalid user cele from 119.160.197.102 port 21331 ssh2
Feb 26 03:36:08 jumpbox sshd[2017]: Failed password for invalid user ronjones from 119.160.197.102 port 35227 ssh2
Feb 26 03:36:10 jumpbox sshd[2017]: Failed password for invalid user ronjones from 119.160.197.102 port 35227 ssh2
Feb 26 03:36:12 jumpbox sshd[2017]: Failed password for invalid user ronjones from 119.160.197.102 port 35227 ssh2
Feb 26 03:36:54 jumpbox sshd[2019]: Failed password for root from 61.177.172.24 port 50138 ssh2
Feb 26 03:37:11 jumpbox sshd[2021]: Failed password for root from 61.177.172.24 port 50450 ssh2
Feb 26 03:37:30 jumpbox sshd[2023]: Failed password for root from 61.177.172.24 port 55400 ssh2
Feb 26 03:37:49 jumpbox sshd[2025]: Failed password for root from 61.177.172.24 port 60426 ssh2
Feb 26 03:38:09 jumpbox sshd[2027]: Failed password for root from 61.177.172.24 port 63770 ssh2
Feb 26 03:38:29 jumpbox sshd[2029]: Failed password for root from 61.177.172.24 port 5336 ssh2
Feb 26 03:38:49 jumpbox sshd[2031]: Failed password for root from 61.177.172.24 port 10182 ssh2
Feb 26 03:39:11 jumpbox sshd[2033]: Failed password for root from 61.177.172.24 port 21146 ssh2
Feb 26 03:39:33 jumpbox sshd[2035]: Failed password for root from 61.177.172.24 port 34654 ssh2
Feb 26 03:39:54 jumpbox sshd[2037]: Failed password for root from 61.177.172.24 port 40406 ssh2
Feb 26 03:40:18 jumpbox sshd[2039]: Failed password for root from 61.177.172.24 port 59612 ssh2
Feb 26 03:40:39 jumpbox sshd[2041]: Failed password for root from 61.177.172.24 port 4326 ssh2
Feb 26 03:41:01 jumpbox sshd[2043]: Failed password for root from 61.177.172.24 port 18958 ssh2
Feb 26 03:41:22 jumpbox sshd[2045]: Failed password for root from 61.177.172.24 port 31010 ssh2
Feb 26 03:41:41 jumpbox sshd[2047]: Failed password for root from 61.177.172.24 port 36140 ssh2
Feb 26 03:41:59 jumpbox sshd[2049]: Failed password for root from 61.177.172.24 port 35088 ssh2
Feb 26 03:42:17 jumpbox sshd[2051]: Failed password for root from 61.177.172.24 port 38864 ssh2
Feb 26 03:42:37 jumpbox sshd[2053]: Failed password for root from 61.177.172.24 port 51176 ssh2
Feb 26 03:42:56 jumpbox sshd[2055]: Failed password for root from 61.177.172.24 port 51436 ssh2
Feb 26 03:43:16 jumpbox sshd[2057]: Failed password for root from 61.177.172.24 port 61784 ssh2
Feb 26 03:43:35 jumpbox sshd[2059]: Failed password for root from 61.177.172.24 port 4010 ssh2
Feb 26 03:43:56 jumpbox sshd[2061]: Failed password for root from 61.177.172.24 port 6064 ssh2
Feb 26 03:44:16 jumpbox sshd[2063]: Failed password for root from 61.177.172.24 port 22082 ssh2
Feb 26 03:44:35 jumpbox sshd[2065]: Failed password for root from 61.177.172.24 port 24890 ssh2
Feb 26 03:44:57 jumpbox sshd[2067]: Failed password for root from 61.177.172.24 port 40066 ssh2
Feb 26 03:45:18 jumpbox sshd[2069]: Failed password for root from 61.177.172.24 port 42122 ssh2
Feb 26 03:45:39 jumpbox sshd[2071]: Failed password for root from 61.177.172.24 port 53890 ssh2
Feb 26 03:45:55 jumpbox sshd[2073]: Failed password for root from 61.177.172.24 port 31506 ssh2
Feb 26 03:46:17 jumpbox sshd[2075]: Failed password for root from 61.177.172.24 port 50646 ssh2
Feb 26 03:46:37 jumpbox sshd[2077]: Failed password for root from 61.177.172.24 port 61762 ssh2
Feb 26 03:46:57 jumpbox sshd[2079]: Failed password for root from 61.177.172.24 port 65394 ssh2
Feb 26 03:47:17 jumpbox sshd[2081]: Failed password for root from 61.177.172.24 port 4152 ssh2
Feb 26 03:47:37 jumpbox sshd[2083]: Failed password for root from 61.177.172.24 port 6614 ssh2
Feb 26 03:47:56 jumpbox sshd[2085]: Failed password for root from 61.177.172.24 port 14036 ssh2
Feb 26 03:48:18 jumpbox sshd[2087]: Failed password for root from 61.177.172.24 port 18660 ssh2
Feb 26 03:48:46 jumpbox sshd[2089]: Failed password for root from 61.177.172.24 port 36178 ssh2
Feb 26 03:49:06 jumpbox sshd[2091]: Failed password for root from 61.177.172.24 port 65460 ssh2
Feb 26 03:49:24 jumpbox sshd[2093]: Failed password for root from 61.177.172.24 port 10106 ssh2
Feb 26 03:49:44 jumpbox sshd[2095]: Failed password for root from 61.177.172.24 port 11176 ssh2
Feb 26 03:50:09 jumpbox sshd[2097]: Failed password for root from 61.177.172.24 port 35112 ssh2
Feb 26 03:50:30 jumpbox sshd[2099]: Failed password for root from 61.177.172.24 port 52520 ssh2
Feb 26 03:50:30 jumpbox sshd[2101]: Failed password for invalid user webuser from 119.160.197.102 port 35026 ssh2
Feb 26 03:50:32 jumpbox sshd[2099]: Failed password for root from 61.177.172.24 port 52520 ssh2
Feb 26 03:50:33 jumpbox sshd[2101]: Failed password for invalid user webuser from 119.160.197.102 port 35026 ssh2
Feb 26 03:50:35 jumpbox sshd[2099]: Failed password for root from 61.177.172.24 port 52520 ssh2
Feb 26 03:50:35 jumpbox sshd[2101]: Failed password for invalid user webuser from 119.160.197.102 port 35026 ssh2
Feb 26 03:50:38 jumpbox sshd[2099]: Failed password for root from 61.177.172.24 port 52520 ssh2
Feb 26 03:50:49 jumpbox sshd[2103]: Failed password for root from 61.177.172.24 port 56746 ssh2
Feb 26 03:51:14 jumpbox sshd[2105]: Failed password for root from 61.177.172.24 port 62100 ssh2
Feb 26 03:51:36 jumpbox sshd[2107]: Failed password for root from 61.177.172.24 port 29862 ssh2
Feb 26 03:51:59 jumpbox sshd[2109]: Failed password for root from 61.177.172.24 port 36024 ssh2
Feb 26 03:52:21 jumpbox sshd[2111]: Failed password for root from 61.177.172.24 port 54844 ssh2
Feb 26 03:52:41 jumpbox sshd[2113]: Failed password for root from 61.177.172.24 port 61852 ssh2
Feb 26 03:53:00 jumpbox sshd[2115]: Failed password for root from 61.177.172.24 port 64288 ssh2
Feb 26 03:53:03 jumpbox sshd[2115]: Failed password for root from 61.177.172.24 port 64288 ssh2
Feb 26 03:53:04 jumpbox sshd[2117]: Failed password for root from 200.9.136.244 port 3421 ssh2
Feb 26 03:53:06 jumpbox sshd[2115]: Failed password for root from 61.177.172.24 port 64288 ssh2
Feb 26 03:53:07 jumpbox sshd[2117]: Failed password for root from 200.9.136.244 port 3421 ssh2
Feb 26 03:53:09 jumpbox sshd[2117]: Failed password for root from 200.9.136.244 port 3421 ssh2
Feb 26 03:53:10 jumpbox sshd[2115]: Failed password for root from 61.177.172.24 port 64288 ssh2
Feb 26 03:53:12 jumpbox sshd[2117]: Failed password for root from 200.9.136.244 port 3421 ssh2
Feb 26 03:53:13 jumpbox sshd[2115]: Failed password for root from 61.177.172.24 port 64288 ssh2
Feb 26 03:53:14 jumpbox sshd[2117]: Failed password for root from 200.9.136.244 port 3421 ssh2
Feb 26 03:53:17 jumpbox sshd[2115]: Failed password for root from 61.177.172.24 port 64288 ssh2
Feb 26 03:53:17 jumpbox sshd[2117]: Failed password for root from 200.9.136.244 port 3421 ssh2
Feb 26 03:53:25 jumpbox sshd[2119]: Failed password for root from 61.177.172.24 port 10468 ssh2
Feb 26 03:53:46 jumpbox sshd[2121]: Failed password for root from 61.177.172.24 port 24092 ssh2
Feb 26 03:54:05 jumpbox sshd[2123]: Failed password for root from 61.177.172.24 port 31466 ssh2
Feb 26 03:54:25 jumpbox sshd[2125]: Failed password for root from 61.177.172.24 port 34198 ssh2
Feb 26 03:54:43 jumpbox sshd[2127]: Failed password for root from 61.177.172.24 port 38760 ssh2
Feb 26 03:55:01 jumpbox sshd[2129]: Failed password for root from 61.177.172.24 port 39132 ssh2
Feb 26 03:55:19 jumpbox sshd[2131]: Failed password for root from 61.177.172.24 port 42212 ssh2
Feb 26 03:55:36 jumpbox sshd[2133]: Failed password for root from 61.177.172.24 port 39726 ssh2
Feb 26 03:55:55 jumpbox sshd[2135]: Failed password for root from 61.177.172.24 port 40720 ssh2
Feb 26 03:56:15 jumpbox sshd[2137]: Failed password for root from 61.177.172.24 port 43074 ssh2
Feb 26 03:56:34 jumpbox sshd[2139]: Failed password for root from 61.177.172.24 port 53950 ssh2
Feb 26 03:56:54 jumpbox sshd[2143]: Failed password for root from 61.177.172.24 port 55578 ssh2
Feb 26 03:57:15 jumpbox sshd[2145]: Failed password for root from 61.177.172.24 port 60962 ssh2
Feb 26 03:57:17 jumpbox sshd[2145]: Failed password for root from 61.177.172.24 port 60962 ssh2
Feb 26 03:57:20 jumpbox sshd[2145]: Failed password for root from 61.177.172.24 port 60962 ssh2
Feb 26 03:57:37 jumpbox sshd[2147]: Failed password for root from 61.177.172.24 port 4192 ssh2
Feb 26 03:57:59 jumpbox sshd[2149]: Failed password for root from 61.177.172.24 port 19052 ssh2
Feb 26 03:58:19 jumpbox sshd[2153]: Failed password for root from 61.177.172.24 port 31076 ssh2
Feb 26 03:58:21 jumpbox sshd[2153]: Failed password for root from 61.177.172.24 port 31076 ssh2
Feb 26 03:58:24 jumpbox sshd[2153]: Failed password for root from 61.177.172.24 port 31076 ssh2
Feb 26 03:58:38 jumpbox sshd[2155]: Failed password for root from 61.177.172.24 port 35282 ssh2
Feb 26 03:58:58 jumpbox sshd[2157]: Failed password for root from 61.177.172.24 port 42068 ssh2
Feb 26 03:59:19 jumpbox sshd[2159]: Failed password for root from 61.177.172.24 port 48998 ssh2
Feb 26 03:59:38 jumpbox sshd[2161]: Failed password for root from 61.177.172.24 port 57408 ssh2
Feb 26 03:59:57 jumpbox sshd[2163]: Failed password for root from 61.177.172.24 port 58598 ssh2
Feb 26 04:00:18 jumpbox sshd[2165]: Failed password for root from 61.177.172.24 port 5240 ssh2
Feb 26 04:00:37 jumpbox sshd[2167]: Failed password for root from 61.177.172.24 port 10112 ssh2
Feb 26 04:00:57 jumpbox sshd[2169]: Failed password for root from 61.177.172.24 port 16390 ssh2
Feb 26 04:01:16 jumpbox sshd[2171]: Failed password for root from 61.177.172.24 port 22720 ssh2
Feb 26 04:01:36 jumpbox sshd[2173]: Failed password for root from 61.177.172.24 port 25008 ssh2
Feb 26 04:01:38 jumpbox sshd[2173]: Failed password for root from 61.177.172.24 port 25008 ssh2
Feb 26 04:01:44 jumpbox sshd[2175]: Failed none for invalid user 0 from 31.207.47.36 port 52892 ssh2
Feb 26 04:01:44 jumpbox sshd[2173]: Failed password for root from 61.177.172.24 port 25008 ssh2
Feb 26 04:01:47 jumpbox sshd[2175]: Failed password for invalid user 0 from 31.207.47.36 port 52892 ssh2
Feb 26 04:01:48 jumpbox sshd[2173]: Failed password for root from 61.177.172.24 port 25008 ssh2
Feb 26 04:01:50 jumpbox sshd[2173]: Failed password for root from 61.177.172.24 port 25008 ssh2
Feb 26 04:01:53 jumpbox sshd[2177]: Failed password for invalid user 0000 from 31.207.47.36 port 59887 ssh2
Feb 26 04:01:53 jumpbox sshd[2173]: Failed password for root from 61.177.172.24 port 25008 ssh2
Feb 26 04:01:58 jumpbox sshd[2181]: Failed password for root from 61.177.172.24 port 48584 ssh2
Feb 26 04:02:05 jumpbox sshd[2181]: Failed password for root from 61.177.172.24 port 48584 ssh2
Feb 26 04:02:06 jumpbox sshd[2179]: Failed password for invalid user 010101 from 31.207.47.36 port 40184 ssh2
Feb 26 04:02:08 jumpbox sshd[2181]: Failed password for root from 61.177.172.24 port 48584 ssh2
Feb 26 04:02:09 jumpbox sshd[2183]: Failed password for invalid user 1111 from 31.207.47.36 port 36611 ssh2
Feb 26 04:02:11 jumpbox sshd[2181]: Failed password for root from 61.177.172.24 port 48584 ssh2
Feb 26 04:02:16 jumpbox sshd[2187]: Failed password for root from 61.177.172.24 port 45536 ssh2
Feb 26 04:02:19 jumpbox sshd[2187]: Failed password for root from 61.177.172.24 port 45536 ssh2
Feb 26 04:02:26 jumpbox sshd[2189]: Failed password for invalid user 1234 from 31.207.47.36 port 48617 ssh2
Feb 26 04:02:27 jumpbox sshd[2187]: Failed password for root from 61.177.172.24 port 45536 ssh2
Feb 26 04:02:30 jumpbox sshd[2187]: Failed password for root from 61.177.172.24 port 45536 ssh2
Feb 26 04:02:32 jumpbox sshd[2191]: Failed none for invalid user admin from 31.207.47.36 port 35207 ssh2
Feb 26 04:02:35 jumpbox sshd[2193]: Failed password for root from 61.177.172.24 port 45102 ssh2
Feb 26 04:02:35 jumpbox sshd[2191]: Failed password for invalid user admin from 31.207.47.36 port 35207 ssh2
Feb 26 04:02:37 jumpbox sshd[2193]: Failed password for root from 61.177.172.24 port 45102 ssh2
Feb 26 04:02:37 jumpbox sshd[2191]: Failed password for invalid user admin from 31.207.47.36 port 35207 ssh2
Feb 26 04:02:39 jumpbox sshd[2191]: Failed password for invalid user admin from 31.207.47.36 port 35207 ssh2
Feb 26 04:02:40 jumpbox sshd[2193]: Failed password for root from 61.177.172.24 port 45102 ssh2
Feb 26 04:02:47 jumpbox sshd[2195]: Failed password for invalid user admin from 31.207.47.36 port 47866 ssh2
Feb 26 04:02:47 jumpbox sshd[2193]: Failed password for root from 61.177.172.24 port 45102 ssh2
Feb 26 04:02:48 jumpbox sshd[2195]: Failed password for invalid user admin from 31.207.47.36 port 47866 ssh2
Feb 26 04:02:50 jumpbox sshd[2195]: Failed password for invalid user admin from 31.207.47.36 port 47866 ssh2
Feb 26 04:02:52 jumpbox sshd[2195]: Failed password for invalid user admin from 31.207.47.36 port 47866 ssh2
Feb 26 04:02:54 jumpbox sshd[2197]: Failed password for root from 61.177.172.24 port 43732 ssh2
Feb 26 04:02:54 jumpbox sshd[2195]: Failed password for invalid user admin from 31.207.47.36 port 47866 ssh2
Feb 26 04:02:56 jumpbox sshd[2197]: Failed password for root from 61.177.172.24 port 43732 ssh2
Feb 26 04:02:57 jumpbox sshd[2199]: Failed password for invalid user admin from 31.207.47.36 port 56484 ssh2
Feb 26 04:02:59 jumpbox sshd[2199]: Failed password for invalid user admin from 31.207.47.36 port 56484 ssh2
Feb 26 04:02:59 jumpbox sshd[2197]: Failed password for root from 61.177.172.24 port 43732 ssh2
Feb 26 04:03:02 jumpbox sshd[2199]: Failed password for invalid user admin from 31.207.47.36 port 56484 ssh2
Feb 26 04:03:02 jumpbox sshd[2197]: Failed password for root from 61.177.172.24 port 43732 ssh2
Feb 26 04:03:04 jumpbox sshd[2199]: Failed password for invalid user admin from 31.207.47.36 port 56484 ssh2
Feb 26 04:03:05 jumpbox sshd[2197]: Failed password for root from 61.177.172.24 port 43732 ssh2
Feb 26 04:03:06 jumpbox sshd[2199]: Failed password for invalid user admin from 31.207.47.36 port 56484 ssh2
Feb 26 04:03:08 jumpbox sshd[2197]: Failed password for root from 61.177.172.24 port 43732 ssh2
Feb 26 04:03:09 jumpbox sshd[2201]: Failed password for invalid user admin from 31.207.47.36 port 35545 ssh2
Feb 26 04:03:11 jumpbox sshd[2201]: Failed password for invalid user admin from 31.207.47.36 port 35545 ssh2
Feb 26 04:03:12 jumpbox sshd[2201]: Failed password for invalid user admin from 31.207.47.36 port 35545 ssh2
Feb 26 04:03:13 jumpbox sshd[2203]: Failed password for root from 61.177.172.24 port 54278 ssh2
Feb 26 04:03:14 jumpbox sshd[2201]: Failed password for invalid user admin from 31.207.47.36 port 35545 ssh2
Feb 26 04:03:15 jumpbox sshd[2203]: Failed password for root from 61.177.172.24 port 54278 ssh2
Feb 26 04:03:17 jumpbox sshd[2201]: Failed password for invalid user admin from 31.207.47.36 port 35545 ssh2
Feb 26 04:03:18 jumpbox sshd[2203]: Failed password for root from 61.177.172.24 port 54278 ssh2
Feb 26 04:03:20 jumpbox sshd[2205]: Failed password for invalid user admin from 31.207.47.36 port 48411 ssh2
Feb 26 04:03:21 jumpbox sshd[2203]: Failed password for root from 61.177.172.24 port 54278 ssh2
Feb 26 04:03:21 jumpbox sshd[2205]: Failed password for invalid user admin from 31.207.47.36 port 48411 ssh2
Feb 26 04:03:24 jumpbox sshd[2205]: Failed password for invalid user admin from 31.207.47.36 port 48411 ssh2
Feb 26 04:03:24 jumpbox sshd[2203]: Failed password for root from 61.177.172.24 port 54278 ssh2
Feb 26 04:03:26 jumpbox sshd[2205]: Failed password for invalid user admin from 31.207.47.36 port 48411 ssh2
Feb 26 04:03:27 jumpbox sshd[2203]: Failed password for root from 61.177.172.24 port 54278 ssh2
Feb 26 04:03:29 jumpbox sshd[2205]: Failed password for invalid user admin from 31.207.47.36 port 48411 ssh2
Feb 26 04:03:31 jumpbox sshd[2209]: Failed password for invalid user admin from 31.207.47.36 port 39810 ssh2
Feb 26 04:03:33 jumpbox sshd[2207]: Failed password for root from 61.177.172.24 port 55756 ssh2
Feb 26 04:03:33 jumpbox sshd[2209]: Failed password for invalid user admin from 31.207.47.36 port 39810 ssh2
Feb 26 04:03:36 jumpbox sshd[2207]: Failed password for root from 61.177.172.24 port 55756 ssh2
Feb 26 04:03:37 jumpbox sshd[2211]: Failed password for invalid user api from 31.207.47.36 port 52143 ssh2
Feb 26 04:03:38 jumpbox sshd[2207]: Failed password for root from 61.177.172.24 port 55756 ssh2
Feb 26 04:03:40 jumpbox sshd[2213]: Failed password for invalid user dbadmin from 31.207.47.36 port 43371 ssh2
Feb 26 04:03:41 jumpbox sshd[2207]: Failed password for root from 61.177.172.24 port 55756 ssh2
Feb 26 04:03:51 jumpbox sshd[2215]: Failed password for invalid user default from 31.207.47.36 port 57847 ssh2
Feb 26 04:03:54 jumpbox sshd[2217]: Failed password for root from 61.177.172.24 port 63434 ssh2
Feb 26 04:03:57 jumpbox sshd[2217]: Failed password for root from 61.177.172.24 port 63434 ssh2
Feb 26 04:04:00 jumpbox sshd[2217]: Failed password for root from 61.177.172.24 port 63434 ssh2
Feb 26 04:04:01 jumpbox sshd[2219]: Failed password for invalid user default from 31.207.47.36 port 50149 ssh2
Feb 26 04:04:03 jumpbox sshd[2217]: Failed password for root from 61.177.172.24 port 63434 ssh2
Feb 26 04:04:06 jumpbox sshd[2217]: Failed password for root from 61.177.172.24 port 63434 ssh2
Feb 26 04:04:09 jumpbox sshd[2221]: Failed password for invalid user ftp from 31.207.47.36 port 51601 ssh2
Feb 26 04:04:09 jumpbox sshd[2217]: Failed password for root from 61.177.172.24 port 63434 ssh2
Feb 26 04:04:11 jumpbox sshd[2221]: Failed password for invalid user ftp from 31.207.47.36 port 51601 ssh2
Feb 26 04:04:14 jumpbox sshd[2223]: Failed password for root from 61.177.172.24 port 10670 ssh2
Feb 26 04:04:15 jumpbox sshd[2225]: Failed password for invalid user ftpuser from 31.207.47.36 port 50080 ssh2
Feb 26 04:04:17 jumpbox sshd[2223]: Failed password for root from 61.177.172.24 port 10670 ssh2
Feb 26 04:04:20 jumpbox sshd[2223]: Failed password for root from 61.177.172.24 port 10670 ssh2
Feb 26 04:04:21 jumpbox sshd[2227]: Failed password for invalid user git from 31.207.47.36 port 56242 ssh2
Feb 26 04:04:23 jumpbox sshd[2223]: Failed password for root from 61.177.172.24 port 10670 ssh2
Feb 26 04:04:26 jumpbox sshd[2223]: Failed password for root from 61.177.172.24 port 10670 ssh2
Feb 26 04:04:27 jumpbox sshd[2231]: Failed password for invalid user gpadmin from 31.207.47.36 port 44025 ssh2
Feb 26 04:04:28 jumpbox sshd[2223]: Failed password for root from 61.177.172.24 port 10670 ssh2
Feb 26 04:04:35 jumpbox sshd[2235]: Failed password for root from 61.177.172.24 port 10976 ssh2
Feb 26 04:04:38 jumpbox sshd[2235]: Failed password for root from 61.177.172.24 port 10976 ssh2
Feb 26 04:04:42 jumpbox sshd[2235]: Failed password for root from 61.177.172.24 port 10976 ssh2
Feb 26 04:04:42 jumpbox sshd[2233]: Failed password for invalid user guest from 31.207.47.36 port 59590 ssh2
Feb 26 04:04:44 jumpbox sshd[2235]: Failed password for root from 61.177.172.24 port 10976 ssh2
Feb 26 04:04:45 jumpbox sshd[2237]: Failed none for invalid user monitor from 31.207.47.36 port 52983 ssh2
Feb 26 04:04:47 jumpbox sshd[2235]: Failed password for root from 61.177.172.24 port 10976 ssh2
Feb 26 04:04:47 jumpbox sshd[2237]: Failed password for invalid user monitor from 31.207.47.36 port 52983 ssh2
Feb 26 04:04:50 jumpbox sshd[2235]: Failed password for root from 61.177.172.24 port 10976 ssh2
Feb 26 04:04:50 jumpbox sshd[2239]: Failed password for invalid user mysql from 31.207.47.36 port 45705 ssh2
Feb 26 04:04:55 jumpbox sshd[2243]: Failed password for root from 61.177.172.24 port 21364 ssh2
Feb 26 04:04:55 jumpbox sshd[2241]: Failed password for invalid user mysql from 31.207.47.36 port 52208 ssh2
Feb 26 04:04:58 jumpbox sshd[2243]: Failed password for root from 61.177.172.24 port 21364 ssh2
Feb 26 04:04:59 jumpbox sshd[2245]: Failed password for invalid user operator from 31.207.47.36 port 37498 ssh2
Feb 26 04:05:02 jumpbox sshd[2243]: Failed password for root from 61.177.172.24 port 21364 ssh2
Feb 26 04:05:02 jumpbox sshd[2247]: Failed password for invalid user osmc from 31.207.47.36 port 54497 ssh2
Feb 26 04:05:05 jumpbox sshd[2243]: Failed password for root from 61.177.172.24 port 21364 ssh2
Feb 26 04:05:06 jumpbox sshd[2249]: Failed password for invalid user pi from 31.207.47.36 port 38052 ssh2
Feb 26 04:05:08 jumpbox sshd[2243]: Failed password for root from 61.177.172.24 port 21364 ssh2
Feb 26 04:05:11 jumpbox sshd[2243]: Failed password for root from 61.177.172.24 port 21364 ssh2
Feb 26 04:05:17 jumpbox sshd[2253]: Failed password for root from 31.207.47.36 port 46814 ssh2
Feb 26 04:05:17 jumpbox sshd[2255]: Failed password for root from 61.177.172.24 port 30286 ssh2
Feb 26 04:05:20 jumpbox sshd[2255]: Failed password for root from 61.177.172.24 port 30286 ssh2
Feb 26 04:05:20 jumpbox sshd[2253]: Failed password for root from 31.207.47.36 port 46814 ssh2
Feb 26 04:05:23 jumpbox sshd[2255]: Failed password for root from 61.177.172.24 port 30286 ssh2
Feb 26 04:05:26 jumpbox sshd[2255]: Failed password for root from 61.177.172.24 port 30286 ssh2
Feb 26 04:05:29 jumpbox sshd[2253]: Failed password for root from 31.207.47.36 port 46814 ssh2
Feb 26 04:05:29 jumpbox sshd[2255]: Failed password for root from 61.177.172.24 port 30286 ssh2
Feb 26 04:05:32 jumpbox sshd[2253]: Failed password for root from 31.207.47.36 port 46814 ssh2
Feb 26 04:05:32 jumpbox sshd[2255]: Failed password for root from 61.177.172.24 port 30286 ssh2
Feb 26 04:05:36 jumpbox sshd[2253]: Failed password for root from 31.207.47.36 port 46814 ssh2
Feb 26 04:05:37 jumpbox sshd[2257]: Failed password for root from 61.177.172.24 port 37218 ssh2
Feb 26 04:05:41 jumpbox sshd[2257]: Failed password for root from 61.177.172.24 port 37218 ssh2
Feb 26 04:05:49 jumpbox sshd[2259]: Failed password for root from 31.207.47.36 port 57142 ssh2
Feb 26 04:05:50 jumpbox sshd[2257]: Failed password for root from 61.177.172.24 port 37218 ssh2
Feb 26 04:05:53 jumpbox sshd[2259]: Failed password for root from 31.207.47.36 port 57142 ssh2
Feb 26 04:05:53 jumpbox sshd[2257]: Failed password for root from 61.177.172.24 port 37218 ssh2
Feb 26 04:05:58 jumpbox sshd[2261]: Failed password for root from 61.177.172.24 port 50312 ssh2
Feb 26 04:06:00 jumpbox sshd[2261]: Failed password for root from 61.177.172.24 port 50312 ssh2
Feb 26 04:06:01 jumpbox sshd[2259]: Failed password for root from 31.207.47.36 port 57142 ssh2
Feb 26 04:06:03 jumpbox sshd[2259]: Failed password for root from 31.207.47.36 port 57142 ssh2
Feb 26 04:06:03 jumpbox sshd[2261]: Failed password for root from 61.177.172.24 port 50312 ssh2
Feb 26 04:06:11 jumpbox sshd[2261]: Failed password for root from 61.177.172.24 port 50312 ssh2
Feb 26 04:06:12 jumpbox sshd[2263]: Failed password for invalid user service from 31.207.47.36 port 42982 ssh2
Feb 26 04:06:16 jumpbox sshd[2267]: Failed password for root from 61.177.172.24 port 51644 ssh2
Feb 26 04:06:20 jumpbox sshd[2267]: Failed password for root from 61.177.172.24 port 51644 ssh2
Feb 26 04:06:32 jumpbox sshd[2267]: Failed password for root from 61.177.172.24 port 51644 ssh2
Feb 26 04:06:32 jumpbox sshd[2269]: Failed password for invalid user support from 31.207.47.36 port 33143 ssh2
Feb 26 04:06:38 jumpbox sshd[2273]: Failed password for root from 61.177.172.24 port 58264 ssh2
Feb 26 04:06:52 jumpbox sshd[2273]: Failed password for root from 61.177.172.24 port 58264 ssh2
Feb 26 04:06:53 jumpbox sshd[2271]: Failed password for invalid user sysadmin from 31.207.47.36 port 60732 ssh2
Feb 26 04:06:56 jumpbox sshd[2275]: Failed password for root from 61.177.172.24 port 64926 ssh2
Feb 26 04:06:59 jumpbox sshd[2275]: Failed password for root from 61.177.172.24 port 64926 ssh2
Feb 26 04:07:01 jumpbox sshd[2275]: Failed password for root from 61.177.172.24 port 64926 ssh2
Feb 26 04:07:03 jumpbox sshd[2277]: Failed password for invalid user telecomadmin from 31.207.47.36 port 46802 ssh2
Feb 26 04:07:04 jumpbox sshd[2275]: Failed password for root from 61.177.172.24 port 64926 ssh2
Feb 26 04:07:07 jumpbox sshd[2275]: Failed password for root from 61.177.172.24 port 64926 ssh2
Feb 26 04:07:09 jumpbox sshd[2279]: Failed password for invalid user telnet from 31.207.47.36 port 48725 ssh2
Feb 26 04:07:09 jumpbox sshd[2275]: Failed password for root from 61.177.172.24 port 64926 ssh2
Feb 26 04:07:15 jumpbox sshd[2283]: Failed password for root from 61.177.172.24 port 1900 ssh2
Feb 26 04:07:18 jumpbox sshd[2283]: Failed password for root from 61.177.172.24 port 1900 ssh2
Feb 26 04:07:20 jumpbox sshd[2281]: Failed password for invalid user test from 31.207.47.36 port 50781 ssh2
Feb 26 04:07:20 jumpbox sshd[2283]: Failed password for root from 61.177.172.24 port 1900 ssh2
Feb 26 04:07:24 jumpbox sshd[2283]: Failed password for root from 61.177.172.24 port 1900 ssh2
Feb 26 04:07:34 jumpbox sshd[2287]: Failed password for root from 61.177.172.24 port 9650 ssh2
Feb 26 04:07:36 jumpbox sshd[2289]: Failed password for invalid user ubnt from 31.207.47.36 port 60241 ssh2
Feb 26 04:07:37 jumpbox sshd[2287]: Failed password for root from 61.177.172.24 port 9650 ssh2
Feb 26 04:07:39 jumpbox sshd[2287]: Failed password for root from 61.177.172.24 port 9650 ssh2
Feb 26 04:07:39 jumpbox sshd[2291]: Failed password for invalid user user from 31.207.47.36 port 40222 ssh2
Feb 26 04:07:42 jumpbox sshd[2291]: Failed password for invalid user user from 31.207.47.36 port 40222 ssh2
Feb 26 04:07:42 jumpbox sshd[2287]: Failed password for root from 61.177.172.24 port 9650 ssh2
Feb 26 04:07:43 jumpbox sshd[2291]: Failed password for invalid user user from 31.207.47.36 port 40222 ssh2
Feb 26 04:07:44 jumpbox sshd[2287]: Failed password for root from 61.177.172.24 port 9650 ssh2
Feb 26 04:07:45 jumpbox sshd[2293]: Failed password for invalid user user1 from 31.207.47.36 port 41442 ssh2
Feb 26 04:07:48 jumpbox sshd[2287]: Failed password for root from 61.177.172.24 port 9650 ssh2
Feb 26 04:07:53 jumpbox sshd[2297]: Failed password for root from 61.177.172.24 port 13662 ssh2
Feb 26 04:08:15 jumpbox sshd[2299]: Failed password for root from 61.177.172.24 port 30610 ssh2
Feb 26 04:08:34 jumpbox sshd[2301]: Failed password for root from 61.177.172.24 port 36058 ssh2
Feb 26 04:08:54 jumpbox sshd[2303]: Failed password for root from 61.177.172.24 port 41006 ssh2
Feb 26 04:09:13 jumpbox sshd[2305]: Failed password for root from 61.177.172.24 port 42548 ssh2
Feb 26 04:09:32 jumpbox sshd[2307]: Failed password for root from 61.177.172.24 port 53484 ssh2
Feb 26 04:09:52 jumpbox sshd[2309]: Failed password for root from 61.177.172.24 port 57802 ssh2
Feb 26 04:10:12 jumpbox sshd[2311]: Failed password for root from 61.177.172.24 port 4570 ssh2
Feb 26 04:10:31 jumpbox sshd[2313]: Failed password for root from 61.177.172.24 port 9184 ssh2
Feb 26 04:10:53 jumpbox sshd[2315]: Failed password for root from 61.177.172.24 port 19822 ssh2
Feb 26 04:11:13 jumpbox sshd[2317]: Failed password for root from 61.177.172.24 port 28930 ssh2
Feb 26 04:11:33 jumpbox sshd[2319]: Failed password for root from 61.177.172.24 port 33842 ssh2
Feb 26 04:11:55 jumpbox sshd[2321]: Failed password for root from 61.177.172.24 port 45306 ssh2
Feb 26 04:12:18 jumpbox sshd[2323]: Failed password for root from 61.177.172.24 port 1128 ssh2
Feb 26 04:16:07 jumpbox sshd[2325]: Failed password for root from 122.100.185.237 port 40164 ssh2
Feb 26 04:16:07 jumpbox sshd[2326]: Failed password for root from 122.100.185.237 port 40178 ssh2
Feb 26 04:16:10 jumpbox sshd[2325]: Failed password for root from 122.100.185.237 port 40164 ssh2
Feb 26 04:16:10 jumpbox sshd[2326]: Failed password for root from 122.100.185.237 port 40178 ssh2
Feb 26 04:16:12 jumpbox sshd[2325]: Failed password for root from 122.100.185.237 port 40164 ssh2
Feb 26 04:16:12 jumpbox sshd[2326]: Failed password for root from 122.100.185.237 port 40178 ssh2
Feb 26 04:16:14 jumpbox sshd[2325]: Failed password for root from 122.100.185.237 port 40164 ssh2
Feb 26 04:16:14 jumpbox sshd[2326]: Failed password for root from 122.100.185.237 port 40178 ssh2
Feb 26 04:16:17 jumpbox sshd[2325]: Failed password for root from 122.100.185.237 port 40164 ssh2
Feb 26 04:16:17 jumpbox sshd[2326]: Failed password for root from 122.100.185.237 port 40178 ssh2
Feb 26 04:16:19 jumpbox sshd[2325]: Failed password for root from 122.100.185.237 port 40164 ssh2
Feb 26 04:16:19 jumpbox sshd[2326]: Failed password for root from 122.100.185.237 port 40178 ssh2
Feb 26 04:32:14 jumpbox sshd[2334]: Failed password for root from 61.177.172.24 port 35100 ssh2
Feb 26 04:32:34 jumpbox sshd[2336]: Failed password for invalid user admin from 84.61.11.231 port 1803 ssh2
Feb 26 04:32:36 jumpbox sshd[2336]: Failed password for invalid user admin from 84.61.11.231 port 1803 ssh2
Feb 26 04:32:36 jumpbox sshd[2338]: Failed password for root from 61.177.172.24 port 55616 ssh2
Feb 26 04:32:38 jumpbox sshd[2336]: Failed password for invalid user admin from 84.61.11.231 port 1803 ssh2
Feb 26 04:32:39 jumpbox sshd[2338]: Failed password for root from 61.177.172.24 port 55616 ssh2
Feb 26 04:32:40 jumpbox sshd[2336]: Failed password for invalid user admin from 84.61.11.231 port 1803 ssh2
Feb 26 04:32:42 jumpbox sshd[2338]: Failed password for root from 61.177.172.24 port 55616 ssh2
Feb 26 04:32:42 jumpbox sshd[2336]: Failed password for invalid user admin from 84.61.11.231 port 1803 ssh2
Feb 26 04:32:44 jumpbox sshd[2336]: Failed password for invalid user admin from 84.61.11.231 port 1803 ssh2
Feb 26 04:32:45 jumpbox sshd[2338]: Failed password for root from 61.177.172.24 port 55616 ssh2
Feb 26 04:32:56 jumpbox sshd[2340]: Failed password for root from 61.177.172.24 port 64608 ssh2
Feb 26 04:33:20 jumpbox sshd[2342]: Failed password for root from 61.177.172.24 port 63782 ssh2
Feb 26 04:33:41 jumpbox sshd[2344]: Failed password for root from 61.177.172.24 port 36112 ssh2
Feb 26 04:34:00 jumpbox sshd[2346]: Failed password for root from 61.177.172.24 port 39572 ssh2
Feb 26 04:34:19 jumpbox sshd[2348]: Failed password for root from 61.177.172.24 port 37242 ssh2
Feb 26 04:34:39 jumpbox sshd[2350]: Failed password for root from 61.177.172.24 port 54822 ssh2
Feb 26 04:34:59 jumpbox sshd[2352]: Failed password for root from 61.177.172.24 port 64726 ssh2
Feb 26 04:35:17 jumpbox sshd[2354]: Failed password for root from 61.177.172.24 port 2336 ssh2
Feb 26 04:35:37 jumpbox sshd[2356]: Failed password for root from 61.177.172.24 port 7320 ssh2
Feb 26 04:35:56 jumpbox sshd[2358]: Failed password for root from 61.177.172.24 port 12434 ssh2
Feb 26 04:36:17 jumpbox sshd[2360]: Failed password for root from 61.177.172.24 port 20988 ssh2
Feb 26 04:36:39 jumpbox sshd[2362]: Failed password for root from 61.177.172.24 port 37338 ssh2
Feb 26 04:37:00 jumpbox sshd[2364]: Failed password for root from 61.177.172.24 port 44432 ssh2
Feb 26 04:37:20 jumpbox sshd[2366]: Failed password for root from 61.177.172.24 port 52244 ssh2
Feb 26 04:44:22 jumpbox sshd[2371]: Failed password for invalid user support from 212.83.128.148 port 50277 ssh2
Feb 26 04:51:24 jumpbox sshd[2373]: Failed password for root from 61.177.172.24 port 2448 ssh2
Feb 26 04:51:43 jumpbox sshd[2375]: Failed password for root from 61.177.172.24 port 8100 ssh2
Feb 26 04:52:02 jumpbox sshd[2377]: Failed password for root from 61.177.172.24 port 16098 ssh2
Feb 26 04:52:20 jumpbox sshd[2379]: Failed password for root from 61.177.172.24 port 21484 ssh2
Feb 26 04:52:41 jumpbox sshd[2381]: Failed password for root from 61.177.172.24 port 22900 ssh2
Feb 26 04:53:01 jumpbox sshd[2383]: Failed password for root from 61.177.172.24 port 41306 ssh2
Feb 26 04:53:21 jumpbox sshd[2385]: Failed password for root from 61.177.172.24 port 50234 ssh2
Feb 26 04:53:40 jumpbox sshd[2387]: Failed password for root from 61.177.172.24 port 55476 ssh2
Feb 26 04:53:59 jumpbox sshd[2389]: Failed password for root from 61.177.172.24 port 58506 ssh2
Feb 26 04:54:18 jumpbox sshd[2391]: Failed password for root from 61.177.172.24 port 63828 ssh2
Feb 26 04:54:37 jumpbox sshd[2393]: Failed password for root from 61.177.172.24 port 4704 ssh2
Feb 26 04:54:56 jumpbox sshd[2395]: Failed password for root from 61.177.172.24 port 11366 ssh2
Feb 26 04:55:16 jumpbox sshd[2397]: Failed password for root from 61.177.172.24 port 17738 ssh2
Feb 26 04:55:38 jumpbox sshd[2401]: Failed password for root from 61.177.172.24 port 28314 ssh2
Feb 26 04:55:51 jumpbox sshd[2401]: Failed password for root from 61.177.172.24 port 28314 ssh2
Feb 26 04:56:04 jumpbox sshd[2403]: Failed password for root from 61.177.172.24 port 48730 ssh2
Feb 26 04:56:28 jumpbox sshd[2405]: Failed password for root from 61.177.172.24 port 8560 ssh2
Feb 26 04:56:48 jumpbox sshd[2407]: Failed password for root from 61.177.172.24 port 13110 ssh2
Feb 26 04:57:10 jumpbox sshd[2409]: Failed password for root from 61.177.172.24 port 19222 ssh2
Feb 26 04:57:39 jumpbox sshd[2411]: Failed password for root from 61.177.172.24 port 37448 ssh2
Feb 26 04:58:02 jumpbox sshd[2413]: Failed password for root from 61.177.172.24 port 16292 ssh2
Feb 26 04:58:21 jumpbox sshd[2415]: Failed password for root from 61.177.172.24 port 20138 ssh2
Feb 26 04:58:42 jumpbox sshd[2417]: Failed password for root from 61.177.172.24 port 24624 ssh2
Feb 26 04:59:03 jumpbox sshd[2419]: Failed password for root from 61.177.172.24 port 41986 ssh2
Feb 26 04:59:24 jumpbox sshd[2421]: Failed password for root from 61.177.172.24 port 43118 ssh2
Feb 26 04:59:44 jumpbox sshd[2423]: Failed password for root from 61.177.172.24 port 63142 ssh2
Feb 26 05:00:04 jumpbox sshd[2425]: Failed password for root from 61.177.172.24 port 61094 ssh2
Feb 26 05:00:28 jumpbox sshd[2427]: Failed password for root from 61.177.172.24 port 28438 ssh2
Feb 26 05:00:46 jumpbox sshd[2429]: Failed password for root from 61.177.172.24 port 27234 ssh2
Feb 26 05:01:05 jumpbox sshd[2431]: Failed password for root from 61.177.172.24 port 29250 ssh2
Feb 26 05:01:26 jumpbox sshd[2433]: Failed password for root from 61.177.172.24 port 37104 ssh2
Feb 26 05:01:48 jumpbox sshd[2435]: Failed password for root from 61.177.172.24 port 43706 ssh2
Feb 26 05:02:08 jumpbox sshd[2437]: Failed password for root from 61.177.172.24 port 59010 ssh2
Feb 26 05:02:26 jumpbox sshd[2439]: Failed password for root from 61.177.172.24 port 62842 ssh2
Feb 26 05:02:48 jumpbox sshd[2441]: Failed password for root from 61.177.172.24 port 5184 ssh2
Feb 26 05:03:08 jumpbox sshd[2443]: Failed password for root from 61.177.172.24 port 14192 ssh2
Feb 26 05:03:28 jumpbox sshd[2445]: Failed password for root from 61.177.172.24 port 22620 ssh2
Feb 26 05:03:49 jumpbox sshd[2447]: Failed password for root from 61.177.172.24 port 36612 ssh2
Feb 26 05:04:08 jumpbox sshd[2449]: Failed password for root from 61.177.172.24 port 42516 ssh2
Feb 26 05:04:28 jumpbox sshd[2451]: Failed password for root from 61.177.172.24 port 52454 ssh2
Feb 26 05:04:45 jumpbox sshd[2453]: Failed password for root from 61.177.172.24 port 52818 ssh2
Feb 26 05:05:03 jumpbox sshd[2455]: Failed password for root from 61.177.172.24 port 51392 ssh2
Feb 26 05:05:21 jumpbox sshd[2457]: Failed password for root from 61.177.172.24 port 57182 ssh2
Feb 26 05:05:38 jumpbox sshd[2459]: Failed password for root from 61.177.172.24 port 59534 ssh2
Feb 26 05:05:57 jumpbox sshd[2461]: Failed password for root from 61.177.172.24 port 61750 ssh2
Feb 26 05:06:15 jumpbox sshd[2463]: Failed password for root from 61.177.172.24 port 61074 ssh2
Feb 26 05:06:33 jumpbox sshd[2465]: Failed password for root from 61.177.172.24 port 3894 ssh2
Feb 26 05:06:52 jumpbox sshd[2467]: Failed password for root from 61.177.172.24 port 8992 ssh2
Feb 26 05:07:13 jumpbox sshd[2469]: Failed password for root from 61.177.172.24 port 14674 ssh2
Feb 26 05:07:38 jumpbox sshd[2471]: Failed password for root from 61.177.172.24 port 30062 ssh2
Feb 26 05:07:59 jumpbox sshd[2473]: Failed password for root from 61.177.172.24 port 58406 ssh2
Feb 26 05:08:19 jumpbox sshd[2475]: Failed password for root from 61.177.172.24 port 62440 ssh2
Feb 26 05:08:43 jumpbox sshd[2477]: Failed password for root from 61.177.172.24 port 20354 ssh2
Feb 26 05:09:03 jumpbox sshd[2479]: Failed password for root from 61.177.172.24 port 29966 ssh2
Feb 26 05:09:25 jumpbox sshd[2481]: Failed password for root from 61.177.172.24 port 36392 ssh2
Feb 26 05:09:46 jumpbox sshd[2483]: Failed password for root from 61.177.172.24 port 51268 ssh2
Feb 26 05:10:06 jumpbox sshd[2485]: Failed password for root from 61.177.172.24 port 60426 ssh2
Feb 26 05:10:30 jumpbox sshd[2487]: Failed password for root from 61.177.172.24 port 65322 ssh2
Feb 26 05:10:53 jumpbox sshd[2489]: Failed password for root from 61.177.172.24 port 27252 ssh2
Feb 26 05:11:13 jumpbox sshd[2491]: Failed password for root from 61.177.172.24 port 40670 ssh2
Feb 26 05:11:33 jumpbox sshd[2493]: Failed password for root from 61.177.172.24 port 53348 ssh2
Feb 26 05:11:54 jumpbox sshd[2495]: Failed password for root from 61.177.172.24 port 2798 ssh2
Feb 26 05:12:13 jumpbox sshd[2497]: Failed password for root from 61.177.172.24 port 10616 ssh2
Feb 26 05:12:32 jumpbox sshd[2499]: Failed password for root from 61.177.172.24 port 13874 ssh2
Feb 26 05:12:52 jumpbox sshd[2501]: Failed password for root from 61.177.172.24 port 23486 ssh2
Feb 26 05:13:12 jumpbox sshd[2503]: Failed password for root from 61.177.172.24 port 35264 ssh2
Feb 26 05:13:32 jumpbox sshd[2505]: Failed password for root from 61.177.172.24 port 43122 ssh2
Feb 26 05:13:51 jumpbox sshd[2507]: Failed password for root from 61.177.172.24 port 47426 ssh2
Feb 26 05:14:13 jumpbox sshd[2509]: Failed password for root from 61.177.172.24 port 58672 ssh2
Feb 26 05:14:35 jumpbox sshd[2511]: Failed password for root from 61.177.172.24 port 8454 ssh2
Feb 26 05:14:55 jumpbox sshd[2513]: Failed password for root from 61.177.172.24 port 14720 ssh2
Feb 26 05:15:15 jumpbox sshd[2515]: Failed password for root from 61.177.172.24 port 24152 ssh2
Feb 26 05:15:36 jumpbox sshd[2517]: Failed password for root from 61.177.172.24 port 35534 ssh2
Feb 26 05:15:59 jumpbox sshd[2519]: Failed password for root from 61.177.172.24 port 52064 ssh2
Feb 26 05:16:20 jumpbox sshd[2521]: Failed password for root from 61.177.172.24 port 59556 ssh2
Feb 26 05:16:39 jumpbox sshd[2523]: Failed password for root from 61.177.172.24 port 4046 ssh2
Feb 26 05:16:57 jumpbox sshd[2525]: Failed password for root from 61.177.172.24 port 6644 ssh2
Feb 26 05:16:59 jumpbox sshd[2525]: Failed password for root from 61.177.172.24 port 6644 ssh2
Feb 26 05:17:02 jumpbox sshd[2525]: Failed password for root from 61.177.172.24 port 6644 ssh2
Feb 26 05:17:15 jumpbox sshd[2530]: Failed password for root from 61.177.172.24 port 12130 ssh2
Feb 26 05:17:34 jumpbox sshd[2532]: Failed password for root from 61.177.172.24 port 13430 ssh2
Feb 26 05:17:53 jumpbox sshd[2534]: Failed password for root from 61.177.172.24 port 24154 ssh2
Feb 26 05:18:12 jumpbox sshd[2536]: Failed password for root from 61.177.172.24 port 29870 ssh2
Feb 26 05:18:29 jumpbox sshd[2538]: Failed password for root from 61.177.172.24 port 33972 ssh2
Feb 26 05:18:49 jumpbox sshd[2540]: Failed password for root from 61.177.172.24 port 41414 ssh2
Feb 26 05:19:07 jumpbox sshd[2542]: Failed password for root from 61.177.172.24 port 47398 ssh2
Feb 26 05:19:26 jumpbox sshd[2544]: Failed password for root from 61.177.172.24 port 55094 ssh2
Feb 26 05:19:43 jumpbox sshd[2546]: Failed password for root from 61.177.172.24 port 58172 ssh2
Feb 26 05:20:03 jumpbox sshd[2548]: Failed password for root from 61.177.172.24 port 60048 ssh2
Feb 26 05:20:23 jumpbox sshd[2550]: Failed password for root from 61.177.172.24 port 8288 ssh2
Feb 26 05:20:43 jumpbox sshd[2552]: Failed password for root from 61.177.172.24 port 16226 ssh2
Feb 26 05:21:16 jumpbox sshd[2554]: Failed password for root from 61.177.172.24 port 60494 ssh2
Feb 26 05:21:36 jumpbox sshd[2556]: Failed password for root from 61.177.172.24 port 10344 ssh2
Feb 26 05:21:59 jumpbox sshd[2558]: Failed password for root from 61.177.172.24 port 23844 ssh2
Feb 26 05:22:19 jumpbox sshd[2560]: Failed password for root from 61.177.172.24 port 31422 ssh2
Feb 26 05:22:42 jumpbox sshd[2562]: Failed password for root from 61.177.172.24 port 39308 ssh2
Feb 26 05:23:16 jumpbox sshd[2564]: Failed password for root from 61.177.172.24 port 38402 ssh2
Feb 26 05:23:35 jumpbox sshd[2566]: Failed password for root from 61.177.172.24 port 43330 ssh2
Feb 26 05:23:59 jumpbox sshd[2568]: Failed password for root from 61.177.172.24 port 64036 ssh2
Feb 26 05:24:18 jumpbox sshd[2570]: Failed password for root from 61.177.172.24 port 65232 ssh2
Feb 26 05:24:37 jumpbox sshd[2572]: Failed password for root from 61.177.172.24 port 1970 ssh2
Feb 26 05:25:00 jumpbox sshd[2574]: Failed password for root from 61.177.172.24 port 18618 ssh2
Feb 26 05:25:19 jumpbox sshd[2576]: Failed password for root from 61.177.172.24 port 28818 ssh2
Feb 26 05:25:40 jumpbox sshd[2578]: Failed password for root from 61.177.172.24 port 34810 ssh2
Feb 26 05:26:01 jumpbox sshd[2580]: Failed password for root from 61.177.172.24 port 50880 ssh2
Feb 26 05:26:21 jumpbox sshd[2582]: Failed password for root from 61.177.172.24 port 54840 ssh2
Feb 26 05:27:52 jumpbox sshd[2586]: Failed password for root from 61.177.172.24 port 47740 ssh2
Feb 26 05:28:12 jumpbox sshd[2588]: Failed password for root from 61.177.172.24 port 55116 ssh2
Feb 26 05:28:34 jumpbox sshd[2590]: Failed password for root from 61.177.172.24 port 60180 ssh2
Feb 26 05:28:55 jumpbox sshd[2592]: Failed password for root from 61.177.172.24 port 14712 ssh2
Feb 26 05:29:14 jumpbox sshd[2594]: Failed password for root from 61.177.172.24 port 21126 ssh2
Feb 26 05:29:27 jumpbox sshd[2594]: Failed password for root from 61.177.172.24 port 21126 ssh2
Feb 26 05:29:36 jumpbox sshd[2598]: Failed password for root from 61.177.172.24 port 21574 ssh2
Feb 26 05:29:58 jumpbox sshd[2600]: Failed password for root from 61.177.172.24 port 35586 ssh2
Feb 26 05:30:17 jumpbox sshd[2602]: Failed password for root from 61.177.172.24 port 52804 ssh2
Feb 26 05:30:34 jumpbox sshd[2604]: Failed password for root from 61.177.172.24 port 53696 ssh2
Feb 26 05:30:52 jumpbox sshd[2606]: Failed password for root from 61.177.172.24 port 58008 ssh2
Feb 26 05:31:10 jumpbox sshd[2608]: Failed password for root from 61.177.172.24 port 59894 ssh2
Feb 26 05:31:31 jumpbox sshd[2610]: Failed password for root from 61.177.172.24 port 60458 ssh2
Feb 26 05:31:55 jumpbox sshd[2612]: Failed password for root from 61.177.172.24 port 16984 ssh2
Feb 26 05:32:15 jumpbox sshd[2614]: Failed password for root from 61.177.172.24 port 41896 ssh2
Feb 26 05:32:33 jumpbox sshd[2616]: Failed password for root from 61.177.172.24 port 44050 ssh2
Feb 26 05:32:43 jumpbox sshd[2616]: Failed password for root from 61.177.172.24 port 44050 ssh2
Feb 26 05:32:55 jumpbox sshd[2619]: Failed password for root from 61.177.172.24 port 54308 ssh2
Feb 26 05:33:13 jumpbox sshd[2621]: Failed password for root from 61.177.172.24 port 62042 ssh2
Feb 26 05:33:33 jumpbox sshd[2623]: Failed password for root from 61.177.172.24 port 3216 ssh2
Feb 26 05:33:52 jumpbox sshd[2625]: Failed password for root from 61.177.172.24 port 11178 ssh2
Feb 26 05:34:17 jumpbox sshd[2627]: Failed password for root from 61.177.172.24 port 22464 ssh2
Feb 26 05:34:37 jumpbox sshd[2629]: Failed password for root from 61.177.172.24 port 43094 ssh2
Feb 26 05:34:57 jumpbox sshd[2631]: Failed password for root from 61.177.172.24 port 50158 ssh2
Feb 26 05:35:16 jumpbox sshd[2633]: Failed password for root from 61.177.172.24 port 56422 ssh2
Feb 26 05:35:36 jumpbox sshd[2635]: Failed password for root from 61.177.172.24 port 59450 ssh2
Feb 26 05:35:57 jumpbox sshd[2637]: Failed password for root from 61.177.172.24 port 1400 ssh2
Feb 26 05:36:16 jumpbox sshd[2639]: Failed password for root from 61.177.172.24 port 9256 ssh2
Feb 26 05:36:35 jumpbox sshd[2641]: Failed password for root from 61.177.172.24 port 15150 ssh2
Feb 26 05:39:55 jumpbox sshd[2645]: Failed password for root from 61.177.172.24 port 20572 ssh2
Feb 26 05:40:21 jumpbox sshd[2647]: Failed password for root from 61.177.172.24 port 38108 ssh2
Feb 26 05:40:41 jumpbox sshd[2649]: Failed password for root from 61.177.172.24 port 2626 ssh2
Feb 26 05:41:03 jumpbox sshd[2651]: Failed password for root from 61.177.172.24 port 9926 ssh2
Feb 26 05:41:27 jumpbox sshd[2653]: Failed password for root from 61.177.172.24 port 34304 ssh2
Feb 26 05:41:49 jumpbox sshd[2655]: Failed password for root from 61.177.172.24 port 48798 ssh2
Feb 26 05:42:11 jumpbox sshd[2657]: Failed password for root from 61.177.172.24 port 5626 ssh2
Feb 26 05:42:32 jumpbox sshd[2659]: Failed password for root from 61.177.172.24 port 11668 ssh2
Feb 26 05:43:01 jumpbox sshd[2661]: Failed password for root from 61.177.172.24 port 23500 ssh2
Feb 26 05:43:19 jumpbox sshd[2663]: Failed password for root from 61.177.172.24 port 63842 ssh2
Feb 26 05:43:38 jumpbox sshd[2665]: Failed password for root from 61.177.172.24 port 10416 ssh2
Feb 26 05:43:57 jumpbox sshd[2667]: Failed password for root from 61.177.172.24 port 13442 ssh2
Feb 26 05:44:15 jumpbox sshd[2669]: Failed password for root from 61.177.172.24 port 19362 ssh2
Feb 26 05:44:32 jumpbox sshd[2671]: Failed password for root from 61.177.172.24 port 21474 ssh2
Feb 26 05:44:51 jumpbox sshd[2673]: Failed password for root from 61.177.172.24 port 23424 ssh2
Feb 26 05:45:11 jumpbox sshd[2675]: Failed password for root from 61.177.172.24 port 30410 ssh2
Feb 26 05:45:31 jumpbox sshd[2677]: Failed password for root from 61.177.172.24 port 43418 ssh2
Feb 26 05:45:52 jumpbox sshd[2679]: Failed password for root from 61.177.172.24 port 56746 ssh2
Feb 26 05:46:16 jumpbox sshd[2681]: Failed password for root from 61.177.172.24 port 62604 ssh2
Feb 26 05:46:35 jumpbox sshd[2683]: Failed password for root from 61.177.172.24 port 23410 ssh2
Feb 26 05:46:55 jumpbox sshd[2685]: Failed password for root from 61.177.172.24 port 31274 ssh2
Feb 26 05:47:14 jumpbox sshd[2687]: Failed password for root from 61.177.172.24 port 36780 ssh2
Feb 26 05:47:35 jumpbox sshd[2689]: Failed password for root from 61.177.172.24 port 45446 ssh2
Feb 26 05:47:55 jumpbox sshd[2691]: Failed password for root from 61.177.172.24 port 59788 ssh2
Feb 26 05:48:15 jumpbox sshd[2693]: Failed password for root from 61.177.172.24 port 3676 ssh2
Feb 26 05:48:33 jumpbox sshd[2695]: Failed password for root from 61.177.172.24 port 9876 ssh2
Feb 26 05:48:53 jumpbox sshd[2697]: Failed password for root from 61.177.172.24 port 22148 ssh2
Feb 26 05:49:13 jumpbox sshd[2699]: Failed password for root from 61.177.172.24 port 31310 ssh2
Feb 26 05:49:32 jumpbox sshd[2701]: Failed password for root from 61.177.172.24 port 40458 ssh2
Feb 26 05:49:54 jumpbox sshd[2703]: Failed password for root from 61.177.172.24 port 55636 ssh2
Feb 26 05:50:14 jumpbox sshd[2705]: Failed password for root from 61.177.172.24 port 56398 ssh2
Feb 26 05:50:35 jumpbox sshd[2707]: Failed password for root from 61.177.172.24 port 8588 ssh2
Feb 26 05:50:53 jumpbox sshd[2709]: Failed password for root from 61.177.172.24 port 17662 ssh2
Feb 26 05:51:12 jumpbox sshd[2711]: Failed password for root from 61.177.172.24 port 20728 ssh2
Feb 26 05:51:32 jumpbox sshd[2713]: Failed password for root from 61.177.172.24 port 33394 ssh2
Feb 26 05:51:53 jumpbox sshd[2715]: Failed password for root from 61.177.172.24 port 42194 ssh2
Feb 26 05:52:17 jumpbox sshd[2717]: Failed password for root from 61.177.172.24 port 6510 ssh2
Feb 26 05:52:37 jumpbox sshd[2719]: Failed password for root from 61.177.172.24 port 16248 ssh2
Feb 26 05:52:56 jumpbox sshd[2721]: Failed password for root from 61.177.172.24 port 23376 ssh2
Feb 26 05:53:18 jumpbox sshd[2723]: Failed password for root from 61.177.172.24 port 34412 ssh2
Feb 26 05:53:37 jumpbox sshd[2725]: Failed password for root from 61.177.172.24 port 43262 ssh2
Feb 26 05:54:00 jumpbox sshd[2727]: Failed password for root from 61.177.172.24 port 60434 ssh2
Feb 26 05:54:19 jumpbox sshd[2729]: Failed password for root from 61.177.172.24 port 3570 ssh2
Feb 26 05:54:39 jumpbox sshd[2731]: Failed password for root from 61.177.172.24 port 14834 ssh2
Feb 26 05:54:59 jumpbox sshd[2733]: Failed password for root from 61.177.172.24 port 28530 ssh2
Feb 26 05:55:19 jumpbox sshd[2735]: Failed password for root from 61.177.172.24 port 30230 ssh2
Feb 26 05:55:38 jumpbox sshd[2737]: Failed password for root from 61.177.172.24 port 47056 ssh2
Feb 26 05:55:56 jumpbox sshd[2739]: Failed password for root from 61.177.172.24 port 49782 ssh2
Feb 26 05:56:14 jumpbox sshd[2741]: Failed password for root from 61.177.172.24 port 53328 ssh2
