Feb 26 03:52:35 jumpbox sshd[2111]: PAM 5 more authentication failures; logname= uid=0 euid=0 tty=ssh ruser= rhost=61.177.172.24  user=root
Feb 26 03:52:35 jumpbox sshd[2111]: PAM service(sshd) ignoring max retries; 6 > 3
Feb 26 03:52:39 jumpbox sshd[2113]: pam_unix(sshd:auth): authentication failure; logname= uid=0 euid=0 tty=ssh ruser= rhost=61.177.172.24  user=root
Feb 26 03:52:41 jumpbox sshd[2113]: Failed password for root from 61.177.172.24 port 61852 ssh2
Feb 26 03:52:55 jumpbox sshd[2113]: message repeated 5 times: [ Failed password for root from 61.177.172.24 port 61852 ssh2]
Feb 26 03:52:55 jumpbox sshd[2113]: error: maximum authentication attempts exceeded for root from 61.177.172.24 port 61852 ssh2 [preauth]
Feb 26 03:52:55 jumpbox sshd[2113]: Disconnecting: Too many authentication failures [preauth]
Feb 26 03:52:55 jumpbox sshd[2113]: PAM 5 more authentication failures; logname= uid=0 euid=0 tty=ssh ruser= rhost=61.177.172.24  user=root
Feb 26 03:52:55 jumpbox sshd[2113]: PAM service(sshd) ignoring max retries; 6 > 3
Feb 26 03:52:59 jumpbox sshd[2115]: pam_unix(sshd:auth): authentication failure; logname= uid=0 euid=0 tty=ssh ruser= rhost=61.177.172.24  user=root
Feb 26 03:53:00 jumpbox sshd[2115]: Failed password for root from 61.177.172.24 port 64288 ssh2
Feb 26 03:53:02 jumpbox sshd[2117]: pam_unix(sshd:auth): authentication failure; logname= uid=0 euid=0 tty=ssh ruser= rhost=200.9.136.244  user=root
Feb 26 03:53:03 jumpbox sshd[2115]: Failed password for root from 61.177.172.24 port 64288 ssh2
Feb 26 03:53:04 jumpbox sshd[2117]: Failed password for root from 200.9.136.244 port 3421 ssh2
Feb 26 03:53:06 jumpbox sshd[2115]: Failed password for root from 61.177.172.24 port 64288 ssh2
Feb 26 03:53:07 jumpbox sshd[2117]: Failed password for root from 200.9.136.244 port 3421 ssh2
Feb 26 03:53:09 jumpbox sshd[2117]: Failed password for root from 200.9.136.244 port 3421 ssh2
Feb 26 03:53:10 jumpbox sshd[2115]: Failed password for root from 61.177.172.24 port 64288 ssh2
Feb 26 03:53:12 jumpbox sshd[2117]: Failed password for root from 200.9.136.244 port 3421 ssh2
Feb 26 03:53:13 jumpbox sshd[2115]: Failed password for root from 61.177.172.24 port 64288 ssh2
Feb 26 03:53:14 jumpbox sshd[2117]: Failed password for root from 200.9.136.244 port 3421 ssh2
Feb 26 03:53:17 jumpbox sshd[2115]: Failed password for root from 61.177.172.24 port 64288 ssh2
Feb 26 03:53:17 jumpbox sshd[2115]: error: maximum authentication attempts exceeded for root from 61.177.172.24 port 64288 ssh2 [preauth]
Feb 26 03:53:17 jumpbox sshd[2115]: Disconnecting: Too many authentication failures [preauth]
Feb 26 03:53:17 jumpbox sshd[2115]: PAM 5 more authentication failures; logname= uid=0 euid=0 tty=ssh ruser= rhost=61.177.172.24  user=root
Feb 26 03:53:17 jumpbox sshd[2115]: PAM service(sshd) ignoring max retries; 6 > 3
Feb 26 03:53:17 jumpbox sshd[2117]: Failed password for root from 200.9.136.244 port 3421 ssh2
Feb 26 03:53:17 jumpbox sshd[2117]: error: maximum authentication attempts exceeded for root from 200.9.136.244 port 3421 ssh2 [preauth]
Feb 26 03:53:17 jumpbox sshd[2117]: Disconnecting: Too many authentication failures [preauth]
Feb 26 03:53:17 jumpbox sshd[2117]: PAM 5 more authentication failures; logname= uid=0 euid=0 tty=ssh ruser= rhost=200.9.136.244  user=root
Feb 26 03:53:17 jumpbox sshd[2117]: PAM service(sshd) ignoring max retries; 6 > 3
Feb 26 03:53:23 jumpbox sshd[2119]: pam_unix(sshd:auth): authentication failure; logname= uid=0 euid=0 tty=ssh ruser= rhost=61.177.172.24  user=root
Feb 26 03:53:25 jumpbox sshd[2119]: Failed password for root from 61.177.172.24 port 10468 ssh2
Feb 26 03:53:40 jumpbox sshd[2119]: message repeated 5 times: [ Failed password for root from 61.177.172.24 port 10468 ssh2]
Feb 26 03:53:40 jumpbox sshd[2119]: error: maximum authentication attempts exceeded for root from 61.177.172.24 port 10468 ssh2 [preauth]
Feb 26 03:53:40 jumpbox sshd[2119]: Disconnecting: Too many authentication failures [preauth]
Feb 26 03:53:40 jumpbox sshd[2119]: PAM 5 more authentication failures; logname= uid=0 euid=0 tty=ssh ruser= rhost=61.177.172.24  user=root
Feb 26 03:53:40 jumpbox sshd[2119]: PAM service(sshd) ignoring max retries; 6 > 3
Feb 26 03:53:44 jumpbox sshd[2121]: pam_unix(sshd:auth): authentication failure; logname= uid=0 euid=0 tty=ssh ruser= rhost=61.177.172.24  user=root
Feb 26 03:53:46 jumpbox sshd[2121]: Failed password for root from 61.177.172.24 port 24092 ssh2
Feb 26 03:54:00 jumpbox sshd[2121]: message repeated 5 times: [ Failed password for root from 61.177.172.24 port 24092 ssh2]
Feb 26 03:54:00 jumpbox sshd[2121]: error: maximum authentication attempts exceeded for root from 61.177.172.24 port 24092 ssh2 [preauth]
Feb 26 03:54:00 jumpbox sshd[2121]: Disconnecting: Too many authentication failures [preauth]
Feb 26 03:54:00 jumpbox sshd[2121]: PAM 5 more authentication failures; logname= uid=0 euid=0 tty=ssh ruser= rhost=61.177.172.24  user=root
Feb 26 03:54:00 jumpbox sshd[2121]: PAM service(sshd) ignoring max retries; 6 > 3
Feb 26 03:54:03 jumpbox sshd[2123]: pam_unix(sshd:auth): authentication failure; logname= uid=0 euid=0 tty=ssh ruser= rhost=61.177.172.24  user=root
Feb 26 03:54:05 jumpbox sshd[2123]: Failed password for root from 61.177.172.24 port 31466 ssh2
Feb 26 03:54:19 jumpbox sshd[2123]: message repeated 5 times: [ Failed password for root from 61.177.172.24 port 31466 ssh2]
Feb 26 03:54:19 jumpbox sshd[2123]: error: maximum authentication attempts exceeded for root from 61.177.172.24 port 31466 ssh2 [preauth]
Feb 26 03:54:19 jumpbox sshd[2123]: Disconnecting: Too many authentication failures [preauth]
Feb 26 03:54:19 jumpbox sshd[2123]: PAM 5 more authentication failures; logname= uid=0 euid=0 tty=ssh ruser= rhost=61.177.172.24  user=root
Feb 26 03:54:19 jumpbox sshd[2123]: PAM service(sshd) ignoring max retries; 6 > 3
Feb 26 03:54:22 jumpbox sshd[2125]: pam_unix(sshd:auth): authentication failure; logname= uid=0 euid=0 tty=ssh ruser= rhost=61.177.172.24  user=root
Feb 26 03:54:25 jumpbox sshd[2125]: Failed password for root from 61.177.172.24 port 34198 ssh2
Feb 26 03:54:38 jumpbox sshd[2125]: message repeated 5 times: [ Failed password for root from 61.177.172.24 port 34198 ssh2]
Feb 26 03:54:38 jumpbox sshd[2125]: error: maximum authentication attempts exceeded for root from 61.177.172.24 port 34198 ssh2 [preauth]
Feb 26 03:54:38 jumpbox sshd[2125]: Disconnecting: Too many authentication failures [preauth]
Feb 26 03:54:38 jumpbox sshd[2125]: PAM 5 more authentication failures; logname= uid=0 euid=0 tty=ssh ruser= rhost=61.177.172.24  user=root
Feb 26 03:54:38 jumpbox sshd[2125]: PAM service(sshd) ignoring max retries; 6 > 3
Feb 26 03:54:41 jumpbox sshd[2127]: pam_unix(sshd:auth): authentication failure; logname= uid=0 euid=0 tty=ssh ruser= rhost=61.177.172.24  user=root
Feb 26 03:54:43 jumpbox sshd[2127]: Failed password for root from 61.177.172.24 port 38760 ssh2
Feb 26 03:54:56 jumpbox sshd[2127]: message repeated 5 times: [ Failed password for root from 61.177.172.24 port 38760 ssh2]
Feb 26 03:54:56 jumpbox sshd[2127]: error: maximum authentication attempts exceeded for root from 61.177.172.24 port 38760 ssh2 [preauth]
Feb 26 03:54:56 jumpbox sshd[2127]: Disconnecting: Too many authentication failures [preauth]
Feb 26 03:54:56 jumpbox sshd[2127]: PAM 5 more authentication failures; logname= uid=0 euid=0 tty=ssh ruser= rhost=61.177.172.24  user=root
Feb 26 03:54:56 jumpbox sshd[2127]: PAM service(sshd) ignoring max retries; 6 > 3
Feb 26 03:54:59 jumpbox sshd[2129]: pam_unix(sshd:auth): authentication failure; logname= uid=0 euid=0 tty=ssh ruser= rhost=61.177.172.24  user=root
Feb 26 03:55:01 jumpbox sshd[2129]: Failed password for root from 61.177.172.24 port 39132 ssh2
Feb 26 03:55:14 jumpbox sshd[2129]: message repeated 5 times: [ Failed password for root from 61.177.172.24 port 39132 ssh2]
Feb 26 03:55:14 jumpbox sshd[2129]: error: maximum authentication attempts exceeded for root from 61.177.172.24 port 39132 ssh2 [preauth]
Feb 26 03:55:14 jumpbox sshd[2129]: Disconnecting: Too many authentication failures [preauth]
Feb 26 03:55:14 jumpbox sshd[2129]: PAM 5 more authentication failures; logname= uid=0 euid=0 tty=ssh ruser= rhost=61.177.172.24  user=root
Feb 26 03:55:14 jumpbox sshd[2129]: PAM service(sshd) ignoring max retries; 6 > 3
Feb 26 03:55:17 jumpbox sshd[2131]: pam_unix(sshd:auth): authentication failure; logname= uid=0 euid=0 tty=ssh ruser= rhost=61.177.172.24  user=root
Feb 26 03:55:19 jumpbox sshd[2131]: Failed password for root from 61.177.172.24 port 42212 ssh2
Feb 26 03:55:32 jumpbox sshd[2131]: message repeated 5 times: [ Failed password for root from 61.177.172.24 port 42212 ssh2]
Feb 26 03:55:32 jumpbox sshd[2131]: error: maximum authentication attempts exceeded for root from 61.177.172.24 port 42212 ssh2 [preauth]
Feb 26 03:55:32 jumpbox sshd[2131]: Disconnecting: Too many authentication failures [preauth]
Feb 26 03:55:32 jumpbox sshd[2131]: PAM 5 more authentication failures; logname= uid=0 euid=0 tty=ssh ruser= rhost=61.177.172.24  user=root
Feb 26 03:55:32 jumpbox sshd[2131]: PAM service(sshd) ignoring max retries; 6 > 3
Feb 26 03:55:35 jumpbox sshd[2133]: pam_unix(sshd:auth): authentication failure; logname= uid=0 euid=0 tty=ssh ruser= rhost=61.177.172.24  user=root
Feb 26 03:55:36 jumpbox sshd[2133]: Failed password for root from 61.177.172.24 port 39726 ssh2
Feb 26 03:55:49 jumpbox sshd[2133]: message repeated 5 times: [ Failed password for root from 61.177.172.24 port 39726 ssh2]
Feb 26 03:55:49 jumpbox sshd[2133]: error: maximum authentication attempts exceeded for root from 61.177.172.24 port 39726 ssh2 [preauth]
Feb 26 03:55:49 jumpbox sshd[2133]: Disconnecting: Too many authentication failures [preauth]
Feb 26 03:55:49 jumpbox sshd[2133]: PAM 5 more authentication failures; logname= uid=0 euid=0 tty=ssh ruser= rhost=61.177.172.24  user=root
Feb 26 03:55:49 jumpbox sshd[2133]: PAM service(sshd) ignoring max retries; 6 > 3
Feb 26 03:55:52 jumpbox sshd[2135]: pam_unix(sshd:auth): authentication failure; logname= uid=0 euid=0 tty=ssh ruser= rhost=61.177.172.24  user=root
Feb 26 03:55:55 jumpbox sshd[2135]: Failed password for root from 61.177.172.24 port 40720 ssh2
Feb 26 03:56:09 jumpbox sshd[2135]: message repeated 5 times: [ Failed password for root from 61.177.172.24 port 40720 ssh2]
Feb 26 03:56:09 jumpbox sshd[2135]: error: maximum authentication attempts exceeded for root from 61.177.172.24 port 40720 ssh2 [preauth]
Feb 26 03:56:09 jumpbox sshd[2135]: Disconnecting: Too many authentication failures [preauth]
Feb 26 03:56:09 jumpbox sshd[2135]: PAM 5 more authentication failures; logname= uid=0 euid=0 tty=ssh ruser= rhost=61.177.172.24  user=root
Feb 26 03:56:09 jumpbox sshd[2135]: PAM service(sshd) ignoring max retries; 6 > 3
Feb 26 03:56:13 jumpbox sshd[2137]: pam_unix(sshd:auth): authentication failure; logname= uid=0 euid=0 tty=ssh ruser= rhost=61.177.172.24  user=root
Feb 26 03:56:15 jumpbox sshd[2137]: Failed password for root from 61.177.172.24 port 43074 ssh2
Feb 26 03:56:29 jumpbox sshd[2137]: message repeated 5 times: [ Failed password for root from 61.177.172.24 port 43074 ssh2]
Feb 26 03:56:29 jumpbox sshd[2137]: error: maximum authentication attempts exceeded for root from 61.177.172.24 port 43074 ssh2 [preauth]
Feb 26 03:56:29 jumpbox sshd[2137]: Disconnecting: Too many authentication failures [preauth]
Feb 26 03:56:29 jumpbox sshd[2137]: PAM 5 more authentication failures; logname= uid=0 euid=0 tty=ssh ruser= rhost=61.177.172.24  user=root
Feb 26 03:56:29 jumpbox sshd[2137]: PAM service(sshd) ignoring max retries; 6 > 3
Feb 26 03:56:32 jumpbox sshd[2139]: pam_unix(sshd:auth): authentication failure; logname= uid=0 euid=0 tty=ssh ruser= rhost=61.177.172.24  user=root
Feb 26 03:56:34 jumpbox sshd[2139]: Failed password for root from 61.177.172.24 port 53950 ssh2
Feb 26 03:56:48 jumpbox sshd[2139]: message repeated 5 times: [ Failed password for root from 61.177.172.24 port 53950 ssh2]
Feb 26 03:56:48 jumpbox sshd[2139]: error: maximum authentication attempts exceeded for root from 61.177.172.24 port 53950 ssh2 [preauth]
Feb 26 03:56:48 jumpbox sshd[2139]: Disconnecting: Too many authentication failures [preauth]
Feb 26 03:56:48 jumpbox sshd[2139]: PAM 5 more authentication failures; logname= uid=0 euid=0 tty=ssh ruser= rhost=61.177.172.24  user=root
Feb 26 03:56:48 jumpbox sshd[2139]: PAM service(sshd) ignoring max retries; 6 > 3
Feb 26 03:56:51 jumpbox sshd[2143]: pam_unix(sshd:auth): authentication failure; logname= uid=0 euid=0 tty=ssh ruser= rhost=61.177.172.24  user=root
Feb 26 03:56:54 jumpbox sshd[2143]: Failed password for root from 61.177.172.24 port 55578 ssh2
Feb 26 03:57:07 jumpbox sshd[2143]: message repeated 5 times: [ Failed password for root from 61.177.172.24 port 55578 ssh2]
Feb 26 03:57:07 jumpbox sshd[2143]: error: maximum authentication attempts exceeded for root from 61.177.172.24 port 55578 ssh2 [preauth]
Feb 26 03:57:07 jumpbox sshd[2143]: Disconnecting: Too many authentication failures [preauth]
Feb 26 03:57:07 jumpbox sshd[2143]: PAM 5 more authentication failures; logname= uid=0 euid=0 tty=ssh ruser= rhost=61.177.172.24  user=root
Feb 26 03:57:07 jumpbox sshd[2143]: PAM service(sshd) ignoring max retries; 6 > 3
Feb 26 03:57:13 jumpbox sshd[2145]: pam_unix(sshd:auth): authentication failure; logname= uid=0 euid=0 tty=ssh ruser= rhost=61.177.172.24  user=root
Feb 26 03:57:15 jumpbox sshd[2145]: Failed password for root from 61.177.172.24 port 60962 ssh2
Feb 26 03:57:17 jumpbox sshd[2145]: Failed password for root from 61.177.172.24 port 60962 ssh2
Feb 26 03:57:19 jumpbox sshd[2141]: Connection closed by 202.71.25.248 port 36617 [preauth]
Feb 26 03:57:20 jumpbox sshd[2145]: Failed password for root from 61.177.172.24 port 60962 ssh2
Feb 26 03:57:28 jumpbox sshd[2145]: message repeated 3 times: [ Failed password for root from 61.177.172.24 port 60962 ssh2]
Feb 26 03:57:28 jumpbox sshd[2145]: error: maximum authentication attempts exceeded for root from 61.177.172.24 port 60962 ssh2 [preauth]
Feb 26 03:57:28 jumpbox sshd[2145]: Disconnecting: Too many authentication failures [preauth]
Feb 26 03:57:28 jumpbox sshd[2145]: PAM 5 more authentication failures; logname= uid=0 euid=0 tty=ssh ruser= rhost=61.177.172.24  user=root
Feb 26 03:57:28 jumpbox sshd[2145]: PAM service(sshd) ignoring max retries; 6 > 3
Feb 26 03:57:34 jumpbox sshd[2147]: pam_unix(sshd:auth): authentication failure; logname= uid=0 euid=0 tty=ssh ruser= rhost=61.177.172.24  user=root
Feb 26 03:57:37 jumpbox sshd[2147]: Failed password for root from 61.177.172.24 port 4192 ssh2
Feb 26 03:57:52 jumpbox sshd[2147]: message repeated 5 times: [ Failed password for root from 61.177.172.24 port 4192 ssh2]
Feb 26 03:57:52 jumpbox sshd[2147]: error: maximum authentication attempts exceeded for root from 61.177.172.24 port 4192 ssh2 [preauth]
Feb 26 03:57:52 jumpbox sshd[2147]: Disconnecting: Too many authentication failures [preauth]
Feb 26 03:57:52 jumpbox sshd[2147]: PAM 5 more authentication failures; logname= uid=0 euid=0 tty=ssh ruser= rhost=61.177.172.24  user=root
Feb 26 03:57:52 jumpbox sshd[2147]: PAM service(sshd) ignoring max retries; 6 > 3
Feb 26 03:57:57 jumpbox sshd[2149]: pam_unix(sshd:auth): authentication failure; logname= uid=0 euid=0 tty=ssh ruser= rhost=61.177.172.24  user=root
Feb 26 03:57:59 jumpbox sshd[2149]: Failed password for root from 61.177.172.24 port 19052 ssh2
Feb 26 03:58:13 jumpbox sshd[2149]: message repeated 5 times: [ Failed password for root from 61.177.172.24 port 19052 ssh2]
Feb 26 03:58:13 jumpbox sshd[2149]: error: maximum authentication attempts exceeded for root from 61.177.172.24 port 19052 ssh2 [preauth]
Feb 26 03:58:13 jumpbox sshd[2149]: Disconnecting: Too many authentication failures [preauth]
Feb 26 03:58:13 jumpbox sshd[2149]: PAM 5 more authentication failures; logname= uid=0 euid=0 tty=ssh ruser= rhost=61.177.172.24  user=root
Feb 26 03:58:13 jumpbox sshd[2149]: PAM service(sshd) ignoring max retries; 6 > 3
Feb 26 03:58:17 jumpbox sshd[2153]: pam_unix(sshd:auth): authentication failure; logname= uid=0 euid=0 tty=ssh ruser= rhost=61.177.172.24  user=root
Feb 26 03:58:19 jumpbox sshd[2153]: Failed password for root from 61.177.172.24 port 31076 ssh2
Feb 26 03:58:21 jumpbox sshd[2153]: Failed password for root from 61.177.172.24 port 31076 ssh2
Feb 26 03:58:22 jumpbox sshd[2151]: Connection closed by 201.16.178.157 port 56841 [preauth]
Feb 26 03:58:24 jumpbox sshd[2153]: Failed password for root from 61.177.172.24 port 31076 ssh2
Feb 26 03:58:33 jumpbox sshd[2153]: message repeated 3 times: [ Failed password for root from 61.177.172.24 port 31076 ssh2]
Feb 26 03:58:33 jumpbox sshd[2153]: error: maximum authentication attempts exceeded for root from 61.177.172.24 port 31076 ssh2 [preauth]
Feb 26 03:58:33 jumpbox sshd[2153]: Disconnecting: Too many authentication failures [preauth]
Feb 26 03:58:33 jumpbox sshd[2153]: PAM 5 more authentication failures; logname= uid=0 euid=0 tty=ssh ruser= rhost=61.177.172.24  user=root
Feb 26 03:58:33 jumpbox sshd[2153]: PAM service(sshd) ignoring max retries; 6 > 3
Feb 26 03:58:36 jumpbox sshd[2155]: pam_unix(sshd:auth): authentication failure; logname= uid=0 euid=0 tty=ssh ruser= rhost=61.177.172.24  user=root
Feb 26 03:58:38 jumpbox sshd[2155]: Failed password for root from 61.177.172.24 port 35282 ssh2
Feb 26 03:58:53 jumpbox sshd[2155]: message repeated 5 times: [ Failed password for root from 61.177.172.24 port 35282 ssh2]
Feb 26 03:58:53 jumpbox sshd[2155]: error: maximum authentication attempts exceeded for root from 61.177.172.24 port 35282 ssh2 [preauth]
Feb 26 03:58:53 jumpbox sshd[2155]: Disconnecting: Too many authentication failures [preauth]
Feb 26 03:58:53 jumpbox sshd[2155]: PAM 5 more authentication failures; logname= uid=0 euid=0 tty=ssh ruser= rhost=61.177.172.24  user=root
Feb 26 03:58:53 jumpbox sshd[2155]: PAM service(sshd) ignoring max retries; 6 > 3
Feb 26 03:58:56 jumpbox sshd[2157]: pam_unix(sshd:auth): authentication failure; logname= uid=0 euid=0 tty=ssh ruser= rhost=61.177.172.24  user=root
Feb 26 03:58:58 jumpbox sshd[2157]: Failed password for root from 61.177.172.24 port 42068 ssh2
Feb 26 03:59:13 jumpbox sshd[2157]: message repeated 5 times: [ Failed password for root from 61.177.172.24 port 42068 ssh2]
Feb 26 03:59:13 jumpbox sshd[2157]: error: maximum authentication attempts exceeded for root from 61.177.172.24 port 42068 ssh2 [preauth]
Feb 26 03:59:13 jumpbox sshd[2157]: Disconnecting: Too many authentication failures [preauth]
Feb 26 03:59:13 jumpbox sshd[2157]: PAM 5 more authentication failures; logname= uid=0 euid=0 tty=ssh ruser= rhost=61.177.172.24  user=root
Feb 26 03:59:13 jumpbox sshd[2157]: PAM service(sshd) ignoring max retries; 6 > 3
Feb 26 03:59:16 jumpbox sshd[2159]: pam_unix(sshd:auth): authentication failure; logname= uid=0 euid=0 tty=ssh ruser= rhost=61.177.172.24  user=root
Feb 26 03:59:19 jumpbox sshd[2159]: Failed password for root from 61.177.172.24 port 48998 ssh2
Feb 26 03:59:33 jumpbox sshd[2159]: message repeated 5 times: [ Failed password for root from 61.177.172.24 port 48998 ssh2]
Feb 26 03:59:33 jumpbox sshd[2159]: error: maximum authentication attempts exceeded for root from 61.177.172.24 port 48998 ssh2 [preauth]
Feb 26 03:59:33 jumpbox sshd[2159]: Disconnecting: Too many authentication failures [preauth]
Feb 26 03:59:33 jumpbox sshd[2159]: PAM 5 more authentication failures; logname= uid=0 euid=0 tty=ssh ruser= rhost=61.177.172.24  user=root
Feb 26 03:59:33 jumpbox sshd[2159]: PAM service(sshd) ignoring max retries; 6 > 3
Feb 26 03:59:36 jumpbox sshd[2161]: pam_unix(sshd:auth): authentication failure; logname= uid=0 euid=0 tty=ssh ruser= rhost=61.177.172.24  user=root
Feb 26 03:59:38 jumpbox sshd[2161]: Failed password for root from 61.177.172.24 port 57408 ssh2
Feb 26 03:59:52 jumpbox sshd[2161]: message repeated 5 times: [ Failed password for root from 61.177.172.24 port 57408 ssh2]
Feb 26 03:59:52 jumpbox sshd[2161]: error: maximum authentication attempts exceeded for root from 61.177.172.24 port 57408 ssh2 [preauth]
Feb 26 03:59:52 jumpbox sshd[2161]: Disconnecting: Too many authentication failures [preauth]
Feb 26 03:59:52 jumpbox sshd[2161]: PAM 5 more authentication failures; logname= uid=0 euid=0 tty=ssh ruser= rhost=61.177.172.24  user=root
Feb 26 03:59:52 jumpbox sshd[2161]: PAM service(sshd) ignoring max retries; 6 > 3
Feb 26 03:59:55 jumpbox sshd[2163]: pam_unix(sshd:auth): authentication failure; logname= uid=0 euid=0 tty=ssh ruser= rhost=61.177.172.24  user=root
Feb 26 03:59:57 jumpbox sshd[2163]: Failed password for root from 61.177.172.24 port 58598 ssh2
Feb 26 04:00:13 jumpbox sshd[2163]: message repeated 5 times: [ Failed password for root from 61.177.172.24 port 58598 ssh2]
Feb 26 04:00:13 jumpbox sshd[2163]: error: maximum authentication attempts exceeded for root from 61.177.172.24 port 58598 ssh2 [preauth]
Feb 26 04:00:13 jumpbox sshd[2163]: Disconnecting: Too many authentication failures [preauth]
Feb 26 04:00:13 jumpbox sshd[2163]: PAM 5 more authentication failures; logname= uid=0 euid=0 tty=ssh ruser= rhost=61.177.172.24  user=root
Feb 26 04:00:13 jumpbox sshd[2163]: PAM service(sshd) ignoring max retries; 6 > 3
Feb 26 04:00:17 jumpbox sshd[2165]: pam_unix(sshd:auth): authentication failure; logname= uid=0 euid=0 tty=ssh ruser= rhost=61.177.172.24  user=root
Feb 26 04:00:18 jumpbox sshd[2165]: Failed password for root from 61.177.172.24 port 5240 ssh2
Feb 26 04:00:32 jumpbox sshd[2165]: message repeated 5 times: [ Failed password for root from 61.177.172.24 port 5240 ssh2]
Feb 26 04:00:32 jumpbox sshd[2165]: error: maximum authentication attempts exceeded for root from 61.177.172.24 port 5240 ssh2 [preauth]
Feb 26 04:00:32 jumpbox sshd[2165]: Disconnecting: Too many authentication failures [preauth]
Feb 26 04:00:32 jumpbox sshd[2165]: PAM 5 more authentication failures; logname= uid=0 euid=0 tty=ssh ruser= rhost=61.177.172.24  user=root
Feb 26 04:00:32 jumpbox sshd[2165]: PAM service(sshd) ignoring max retries; 6 > 3
Feb 26 04:00:36 jumpbox sshd[2167]: pam_unix(sshd:auth): authentication failure; logname= uid=0 euid=0 tty=ssh ruser= rhost=61.177.172.24  user=root
Feb 26 04:00:37 jumpbox sshd[2167]: Failed password for root from 61.177.172.24 port 10112 ssh2
Feb 26 04:00:51 jumpbox sshd[2167]: message repeated 5 times: [ Failed password for root from 61.177.172.24 port 10112 ssh2]
Feb 26 04:00:51 jumpbox sshd[2167]: error: maximum authentication attempts exceeded for root from 61.177.172.24 port 10112 ssh2 [preauth]
Feb 26 04:00:51 jumpbox sshd[2167]: Disconnecting: Too many authentication failures [preauth]
Feb 26 04:00:51 jumpbox sshd[2167]: PAM 5 more authentication failures; logname= uid=0 euid=0 tty=ssh ruser= rhost=61.177.172.24  user=root
Feb 26 04:00:51 jumpbox sshd[2167]: PAM service(sshd) ignoring max retries; 6 > 3
Feb 26 04:00:55 jumpbox sshd[2169]: pam_unix(sshd:auth): authentication failure; logname= uid=0 euid=0 tty=ssh ruser= rhost=61.177.172.24  user=root
Feb 26 04:00:57 jumpbox sshd[2169]: Failed password for root from 61.177.172.24 port 16390 ssh2
Feb 26 04:01:11 jumpbox sshd[2169]: message repeated 5 times: [ Failed password for root from 61.177.172.24 port 16390 ssh2]
Feb 26 04:01:11 jumpbox sshd[2169]: error: maximum authentication attempts exceeded for root from 61.177.172.24 port 16390 ssh2 [preauth]
Feb 26 04:01:11 jumpbox sshd[2169]: Disconnecting: Too many authentication failures [preauth]
Feb 26 04:01:11 jumpbox sshd[2169]: PAM 5 more authentication failures; logname= uid=0 euid=0 tty=ssh ruser= rhost=61.177.172.24  user=root
Feb 26 04:01:11 jumpbox sshd[2169]: PAM service(sshd) ignoring max retries; 6 > 3
Feb 26 04:01:14 jumpbox sshd[2171]: pam_unix(sshd:auth): authentication failure; logname= uid=0 euid=0 tty=ssh ruser= rhost=61.177.172.24  user=root
Feb 26 04:01:16 jumpbox sshd[2171]: Failed password for root from 61.177.172.24 port 22720 ssh2
Feb 26 04:01:29 jumpbox sshd[2171]: message repeated 5 times: [ Failed password for root from 61.177.172.24 port 22720 ssh2]
Feb 26 04:01:29 jumpbox sshd[2171]: error: maximum authentication attempts exceeded for root from 61.177.172.24 port 22720 ssh2 [preauth]
Feb 26 04:01:29 jumpbox sshd[2171]: Disconnecting: Too many authentication failures [preauth]
Feb 26 04:01:29 jumpbox sshd[2171]: PAM 5 more authentication failures; logname= uid=0 euid=0 tty=ssh ruser= rhost=61.177.172.24  user=root
Feb 26 04:01:29 jumpbox sshd[2171]: PAM service(sshd) ignoring max retries; 6 > 3
Feb 26 04:01:34 jumpbox sshd[2173]: pam_unix(sshd:auth): authentication failure; logname= uid=0 euid=0 tty=ssh ruser= rhost=61.177.172.24  user=root
Feb 26 04:01:36 jumpbox sshd[2173]: Failed password for root from 61.177.172.24 port 25008 ssh2
Feb 26 04:01:38 jumpbox sshd[2173]: Failed password for root from 61.177.172.24 port 25008 ssh2
Feb 26 04:01:44 jumpbox sshd[2175]: Invalid user 0 from 31.207.47.36
Feb 26 04:01:44 jumpbox sshd[2175]: input_userauth_request: invalid user 0 [preauth]
Feb 26 04:01:44 jumpbox sshd[2175]: Failed none for invalid user 0 from 31.207.47.36 port 52892 ssh2
Feb 26 04:01:44 jumpbox sshd[2173]: Failed password for root from 61.177.172.24 port 25008 ssh2
Feb 26 04:01:45 jumpbox sshd[2175]: pam_unix(sshd:auth): check pass; user unknown
Feb 26 04:01:45 jumpbox sshd[2175]: pam_unix(sshd:auth): authentication failure; logname= uid=0 euid=0 tty=ssh ruser= rhost=31.207.47.36
Feb 26 04:01:47 jumpbox sshd[2175]: Failed password for invalid user 0 from 31.207.47.36 port 52892 ssh2
Feb 26 04:01:47 jumpbox sshd[2175]: Connection closed by 31.207.47.36 port 52892 [preauth]
Feb 26 04:01:48 jumpbox sshd[2173]: Failed password for root from 61.177.172.24 port 25008 ssh2
Feb 26 04:01:50 jumpbox sshd[2173]: Failed password for root from 61.177.172.24 port 25008 ssh2
Feb 26 04:01:51 jumpbox sshd[2177]: Invalid user 0000 from 31.207.47.36
Feb 26 04:01:51 jumpbox sshd[2177]: input_userauth_request: invalid user 0000 [preauth]
Feb 26 04:01:51 jumpbox sshd[2177]: pam_unix(sshd:auth): check pass; user unknown
Feb 26 04:01:51 jumpbox sshd[2177]: pam_unix(sshd:auth): authentication failure; logname= uid=0 euid=0 tty=ssh ruser= rhost=31.207.47.36
Feb 26 04:01:53 jumpbox sshd[2177]: Failed password for invalid user 0000 from 31.207.47.36 port 59887 ssh2
Feb 26 04:01:53 jumpbox sshd[2177]: Connection closed by 31.207.47.36 port 59887 [preauth]
Feb 26 04:01:53 jumpbox sshd[2173]: Failed password for root from 61.177.172.24 port 25008 ssh2
Feb 26 04:01:53 jumpbox sshd[2173]: error: maximum authentication attempts exceeded for root from 61.177.172.24 port 25008 ssh2 [preauth]
Feb 26 04:01:53 jumpbox sshd[2173]: Disconnecting: Too many authentication failures [preauth]
Feb 26 04:01:53 jumpbox sshd[2173]: PAM 5 more authentication failures; logname= uid=0 euid=0 tty=ssh ruser= rhost=61.177.172.24  user=root
Feb 26 04:01:53 jumpbox sshd[2173]: PAM service(sshd) ignoring max retries; 6 > 3
Feb 26 04:01:56 jumpbox sshd[2181]: pam_unix(sshd:auth): authentication failure; logname= uid=0 euid=0 tty=ssh ruser= rhost=61.177.172.24  user=root
Feb 26 04:01:58 jumpbox sshd[2181]: Failed password for root from 61.177.172.24 port 48584 ssh2
Feb 26 04:02:03 jumpbox sshd[2181]: message repeated 2 times: [ Failed password for root from 61.177.172.24 port 48584 ssh2]
Feb 26 04:02:04 jumpbox sshd[2179]: Invalid user 010101 from 31.207.47.36
Feb 26 04:02:04 jumpbox sshd[2179]: input_userauth_request: invalid user 010101 [preauth]
Feb 26 04:02:04 jumpbox sshd[2179]: pam_unix(sshd:auth): check pass; user unknown
Feb 26 04:02:04 jumpbox sshd[2179]: pam_unix(sshd:auth): authentication failure; logname= uid=0 euid=0 tty=ssh ruser= rhost=31.207.47.36
Feb 26 04:02:05 jumpbox sshd[2181]: Failed password for root from 61.177.172.24 port 48584 ssh2
Feb 26 04:02:06 jumpbox sshd[2179]: Failed password for invalid user 010101 from 31.207.47.36 port 40184 ssh2
Feb 26 04:02:06 jumpbox sshd[2179]: Connection closed by 31.207.47.36 port 40184 [preauth]
Feb 26 04:02:07 jumpbox sshd[2183]: Invalid user 1111 from 31.207.47.36
Feb 26 04:02:07 jumpbox sshd[2183]: input_userauth_request: invalid user 1111 [preauth]
Feb 26 04:02:07 jumpbox sshd[2183]: pam_unix(sshd:auth): check pass; user unknown
Feb 26 04:02:07 jumpbox sshd[2183]: pam_unix(sshd:auth): authentication failure; logname= uid=0 euid=0 tty=ssh ruser= rhost=31.207.47.36
Feb 26 04:02:08 jumpbox sshd[2181]: Failed password for root from 61.177.172.24 port 48584 ssh2
Feb 26 04:02:09 jumpbox sshd[2183]: Failed password for invalid user 1111 from 31.207.47.36 port 36611 ssh2
Feb 26 04:02:09 jumpbox sshd[2183]: Connection closed by 31.207.47.36 port 36611 [preauth]
Feb 26 04:02:11 jumpbox sshd[2181]: Failed password for root from 61.177.172.24 port 48584 ssh2
Feb 26 04:02:11 jumpbox sshd[2181]: error: maximum authentication attempts exceeded for root from 61.177.172.24 port 48584 ssh2 [preauth]
Feb 26 04:02:11 jumpbox sshd[2181]: Disconnecting: Too many authentication failures [preauth]
Feb 26 04:02:11 jumpbox sshd[2181]: PAM 5 more authentication failures; logname= uid=0 euid=0 tty=ssh ruser= rhost=61.177.172.24  user=root
Feb 26 04:02:11 jumpbox sshd[2181]: PAM service(sshd) ignoring max retries; 6 > 3
Feb 26 04:02:14 jumpbox sshd[2187]: pam_unix(sshd:auth): authentication failure; logname= uid=0 euid=0 tty=ssh ruser= rhost=61.177.172.24  user=root
Feb 26 04:02:16 jumpbox sshd[2187]: Failed password for root from 61.177.172.24 port 45536 ssh2
Feb 26 04:02:17 jumpbox sshd[2185]: Connection closed by 31.207.47.36 port 43493 [preauth]
Feb 26 04:02:19 jumpbox sshd[2187]: Failed password for root from 61.177.172.24 port 45536 ssh2
Feb 26 04:02:24 jumpbox sshd[2187]: message repeated 2 times: [ Failed password for root from 61.177.172.24 port 45536 ssh2]
Feb 26 04:02:25 jumpbox sshd[2189]: Invalid user 1234 from 31.207.47.36
Feb 26 04:02:25 jumpbox sshd[2189]: input_userauth_request: invalid user 1234 [preauth]
Feb 26 04:02:25 jumpbox sshd[2189]: pam_unix(sshd:auth): check pass; user unknown
Feb 26 04:02:25 jumpbox sshd[2189]: pam_unix(sshd:auth): authentication failure; logname= uid=0 euid=0 tty=ssh ruser= rhost=31.207.47.36
Feb 26 04:02:26 jumpbox sshd[2189]: Failed password for invalid user 1234 from 31.207.47.36 port 48617 ssh2
Feb 26 04:02:26 jumpbox sshd[2189]: Connection closed by 31.207.47.36 port 48617 [preauth]
Feb 26 04:02:27 jumpbox sshd[2187]: Failed password for root from 61.177.172.24 port 45536 ssh2
Feb 26 04:02:30 jumpbox sshd[2187]: Failed password for root from 61.177.172.24 port 45536 ssh2
Feb 26 04:02:30 jumpbox sshd[2187]: error: maximum authentication attempts exceeded for root from 61.177.172.24 port 45536 ssh2 [preauth]
Feb 26 04:02:30 jumpbox sshd[2187]: Disconnecting: Too many authentication failures [preauth]
Feb 26 04:02:30 jumpbox sshd[2187]: PAM 5 more authentication failures; logname= uid=0 euid=0 tty=ssh ruser= rhost=61.177.172.24  user=root
Feb 26 04:02:30 jumpbox sshd[2187]: PAM service(sshd) ignoring max retries; 6 > 3
Feb 26 04:02:32 jumpbox sshd[2191]: Invalid user admin from 31.207.47.36
Feb 26 04:02:32 jumpbox sshd[2191]: input_userauth_request: invalid user admin [preauth]
Feb 26 04:02:32 jumpbox sshd[2191]: Failed none for invalid user admin from 31.207.47.36 port 35207 ssh2
Feb 26 04:02:32 jumpbox sshd[2193]: pam_unix(sshd:auth): authentication failure; logname= uid=0 euid=0 tty=ssh ruser= rhost=61.177.172.24  user=root
Feb 26 04:02:33 jumpbox sshd[2191]: pam_unix(sshd:auth): check pass; user unknown
Feb 26 04:02:33 jumpbox sshd[2191]: pam_unix(sshd:auth): authentication failure; logname= uid=0 euid=0 tty=ssh ruser= rhost=31.207.47.36
Feb 26 04:02:35 jumpbox sshd[2193]: Failed password for root from 61.177.172.24 port 45102 ssh2
Feb 26 04:02:35 jumpbox sshd[2191]: Failed password for invalid user admin from 31.207.47.36 port 35207 ssh2
Feb 26 04:02:36 jumpbox sshd[2191]: pam_unix(sshd:auth): check pass; user unknown
Feb 26 04:02:37 jumpbox sshd[2193]: Failed password for root from 61.177.172.24 port 45102 ssh2
Feb 26 04:02:37 jumpbox sshd[2191]: Failed password for invalid user admin from 31.207.47.36 port 35207 ssh2
Feb 26 04:02:37 jumpbox sshd[2191]: pam_unix(sshd:auth): check pass; user unknown
Feb 26 04:02:39 jumpbox sshd[2191]: Failed password for invalid user admin from 31.207.47.36 port 35207 ssh2
Feb 26 04:02:39 jumpbox sshd[2191]: Connection closed by 31.207.47.36 port 35207 [preauth]
Feb 26 04:02:39 jumpbox sshd[2191]: PAM 2 more authentication failures; logname= uid=0 euid=0 tty=ssh ruser= rhost=31.207.47.36
Feb 26 04:02:40 jumpbox sshd[2193]: Failed password for root from 61.177.172.24 port 45102 ssh2
Feb 26 04:02:45 jumpbox sshd[2193]: message repeated 2 times: [ Failed password for root from 61.177.172.24 port 45102 ssh2]
Feb 26 04:02:45 jumpbox sshd[2195]: Invalid user admin from 31.207.47.36
Feb 26 04:02:45 jumpbox sshd[2195]: input_userauth_request: invalid user admin [preauth]
Feb 26 04:02:45 jumpbox sshd[2195]: pam_unix(sshd:auth): check pass; user unknown
Feb 26 04:02:45 jumpbox sshd[2195]: pam_unix(sshd:auth): authentication failure; logname= uid=0 euid=0 tty=ssh ruser= rhost=31.207.47.36
Feb 26 04:02:47 jumpbox sshd[2195]: Failed password for invalid user admin from 31.207.47.36 port 47866 ssh2
Feb 26 04:02:47 jumpbox sshd[2195]: pam_unix(sshd:auth): check pass; user unknown
Feb 26 04:02:47 jumpbox sshd[2193]: Failed password for root from 61.177.172.24 port 45102 ssh2
Feb 26 04:02:47 jumpbox sshd[2193]: error: maximum authentication attempts exceeded for root from 61.177.172.24 port 45102 ssh2 [preauth]
Feb 26 04:02:47 jumpbox sshd[2193]: Disconnecting: Too many authentication failures [preauth]
Feb 26 04:02:47 jumpbox sshd[2193]: PAM 5 more authentication failures; logname= uid=0 euid=0 tty=ssh ruser= rhost=61.177.172.24  user=root
Feb 26 04:02:47 jumpbox sshd[2193]: PAM service(sshd) ignoring max retries; 6 > 3
Feb 26 04:02:48 jumpbox sshd[2195]: Failed password for invalid user admin from 31.207.47.36 port 47866 ssh2
Feb 26 04:02:48 jumpbox sshd[2195]: pam_unix(sshd:auth): check pass; user unknown
Feb 26 04:02:50 jumpbox sshd[2195]: Failed password for invalid user admin from 31.207.47.36 port 47866 ssh2
Feb 26 04:02:50 jumpbox sshd[2195]: pam_unix(sshd:auth): check pass; user unknown
Feb 26 04:02:51 jumpbox sshd[2197]: pam_unix(sshd:auth): authentication failure; logname= uid=0 euid=0 tty=ssh ruser= rhost=61.177.172.24  user=root
Feb 26 04:02:52 jumpbox sshd[2195]: Failed password for invalid user admin from 31.207.47.36 port 47866 ssh2
Feb 26 04:02:52 jumpbox sshd[2195]: pam_unix(sshd:auth): check pass; user unknown
Feb 26 04:02:54 jumpbox sshd[2197]: Failed password for root from 61.177.172.24 port 43732 ssh2
Feb 26 04:02:54 jumpbox sshd[2195]: Failed password for invalid user admin from 31.207.47.36 port 47866 ssh2
Feb 26 04:02:54 jumpbox sshd[2195]: Connection closed by 31.207.47.36 port 47866 [preauth]
Feb 26 04:02:54 jumpbox sshd[2195]: PAM 4 more authentication failures; logname= uid=0 euid=0 tty=ssh ruser= rhost=31.207.47.36
Feb 26 04:02:54 jumpbox sshd[2195]: PAM service(sshd) ignoring max retries; 5 > 3
Feb 26 04:02:55 jumpbox sshd[2199]: Invalid user admin from 31.207.47.36
Feb 26 04:02:55 jumpbox sshd[2199]: input_userauth_request: invalid user admin [preauth]
Feb 26 04:02:55 jumpbox sshd[2199]: pam_unix(sshd:auth): check pass; user unknown
Feb 26 04:02:55 jumpbox sshd[2199]: pam_unix(sshd:auth): authentication failure; logname= uid=0 euid=0 tty=ssh ruser= rhost=31.207.47.36
Feb 26 04:02:56 jumpbox sshd[2197]: Failed password for root from 61.177.172.24 port 43732 ssh2
Feb 26 04:02:57 jumpbox sshd[2199]: Failed password for invalid user admin from 31.207.47.36 port 56484 ssh2
Feb 26 04:02:57 jumpbox sshd[2199]: pam_unix(sshd:auth): check pass; user unknown
Feb 26 04:02:59 jumpbox sshd[2199]: Failed password for invalid user admin from 31.207.47.36 port 56484 ssh2
Feb 26 04:02:59 jumpbox sshd[2197]: Failed password for root from 61.177.172.24 port 43732 ssh2
Feb 26 04:03:00 jumpbox sshd[2199]: pam_unix(sshd:auth): check pass; user unknown
Feb 26 04:03:02 jumpbox sshd[2199]: Failed password for invalid user admin from 31.207.47.36 port 56484 ssh2
Feb 26 04:03:02 jumpbox sshd[2199]: pam_unix(sshd:auth): check pass; user unknown
Feb 26 04:03:02 jumpbox sshd[2197]: Failed password for root from 61.177.172.24 port 43732 ssh2
Feb 26 04:03:04 jumpbox sshd[2199]: Failed password for invalid user admin from 31.207.47.36 port 56484 ssh2
Feb 26 04:03:04 jumpbox sshd[2199]: pam_unix(sshd:auth): check pass; user unknown
Feb 26 04:03:05 jumpbox sshd[2197]: Failed password for root from 61.177.172.24 port 43732 ssh2
Feb 26 04:03:06 jumpbox sshd[2199]: Failed password for invalid user admin from 31.207.47.36 port 56484 ssh2
Feb 26 04:03:06 jumpbox sshd[2199]: Connection closed by 31.207.47.36 port 56484 [preauth]
Feb 26 04:03:06 jumpbox sshd[2199]: PAM 4 more authentication failures; logname= uid=0 euid=0 tty=ssh ruser= rhost=31.207.47.36
Feb 26 04:03:06 jumpbox sshd[2199]: PAM service(sshd) ignoring max retries; 5 > 3
Feb 26 04:03:07 jumpbox sshd[2201]: Invalid user admin from 31.207.47.36
Feb 26 04:03:07 jumpbox sshd[2201]: input_userauth_request: invalid user admin [preauth]
Feb 26 04:03:07 jumpbox sshd[2201]: pam_unix(sshd:auth): check pass; user unknown
Feb 26 04:03:07 jumpbox sshd[2201]: pam_unix(sshd:auth): authentication failure; logname= uid=0 euid=0 tty=ssh ruser= rhost=31.207.47.36
Feb 26 04:03:08 jumpbox sshd[2197]: Failed password for root from 61.177.172.24 port 43732 ssh2
Feb 26 04:03:08 jumpbox sshd[2197]: error: maximum authentication attempts exceeded for root from 61.177.172.24 port 43732 ssh2 [preauth]
Feb 26 04:03:08 jumpbox sshd[2197]: Disconnecting: Too many authentication failures [preauth]
Feb 26 04:03:08 jumpbox sshd[2197]: PAM 5 more authentication failures; logname= uid=0 euid=0 tty=ssh ruser= rhost=61.177.172.24  user=root
Feb 26 04:03:08 jumpbox sshd[2197]: PAM service(sshd) ignoring max retries; 6 > 3
Feb 26 04:03:09 jumpbox sshd[2201]: Failed password for invalid user admin from 31.207.47.36 port 35545 ssh2
Feb 26 04:03:09 jumpbox sshd[2201]: pam_unix(sshd:auth): check pass; user unknown
Feb 26 04:03:11 jumpbox sshd[2201]: Failed password for invalid user admin from 31.207.47.36 port 35545 ssh2
Feb 26 04:03:11 jumpbox sshd[2201]: pam_unix(sshd:auth): check pass; user unknown
Feb 26 04:03:11 jumpbox sshd[2203]: pam_unix(sshd:auth): authentication failure; logname= uid=0 euid=0 tty=ssh ruser= rhost=61.177.172.24  user=root
Feb 26 04:03:12 jumpbox sshd[2201]: Failed password for invalid user admin from 31.207.47.36 port 35545 ssh2
Feb 26 04:03:12 jumpbox sshd[2201]: pam_unix(sshd:auth): check pass; user unknown
Feb 26 04:03:13 jumpbox sshd[2203]: Failed password for root from 61.177.172.24 port 54278 ssh2
Feb 26 04:03:14 jumpbox sshd[2201]: Failed password for invalid user admin from 31.207.47.36 port 35545 ssh2
Feb 26 04:03:15 jumpbox sshd[2201]: pam_unix(sshd:auth): check pass; user unknown
Feb 26 04:03:15 jumpbox sshd[2203]: Failed password for root from 61.177.172.24 port 54278 ssh2
Feb 26 04:03:17 jumpbox sshd[2201]: Failed password for invalid user admin from 31.207.47.36 port 35545 ssh2
Feb 26 04:03:17 jumpbox sshd[2201]: Connection closed by 31.207.47.36 port 35545 [preauth]
Feb 26 04:03:17 jumpbox sshd[2201]: PAM 4 more authentication failures; logname= uid=0 euid=0 tty=ssh ruser= rhost=31.207.47.36
Feb 26 04:03:17 jumpbox sshd[2201]: PAM service(sshd) ignoring max retries; 5 > 3
Feb 26 04:03:18 jumpbox sshd[2205]: Invalid user admin from 31.207.47.36
Feb 26 04:03:18 jumpbox sshd[2205]: input_userauth_request: invalid user admin [preauth]
Feb 26 04:03:18 jumpbox sshd[2205]: pam_unix(sshd:auth): check pass; user unknown
Feb 26 04:03:18 jumpbox sshd[2205]: pam_unix(sshd:auth): authentication failure; logname= uid=0 euid=0 tty=ssh ruser= rhost=31.207.47.36
Feb 26 04:03:18 jumpbox sshd[2203]: Failed password for root from 61.177.172.24 port 54278 ssh2
Feb 26 04:03:20 jumpbox sshd[2205]: Failed password for invalid user admin from 31.207.47.36 port 48411 ssh2
Feb 26 04:03:20 jumpbox sshd[2205]: pam_unix(sshd:auth): check pass; user unknown
Feb 26 04:03:21 jumpbox sshd[2203]: Failed password for root from 61.177.172.24 port 54278 ssh2
Feb 26 04:03:21 jumpbox sshd[2205]: Failed password for invalid user admin from 31.207.47.36 port 48411 ssh2
Feb 26 04:03:22 jumpbox sshd[2205]: pam_unix(sshd:auth): check pass; user unknown
Feb 26 04:03:24 jumpbox sshd[2205]: Failed password for invalid user admin from 31.207.47.36 port 48411 ssh2
Feb 26 04:03:24 jumpbox sshd[2203]: Failed password for root from 61.177.172.24 port 54278 ssh2
Feb 26 04:03:24 jumpbox sshd[2205]: pam_unix(sshd:auth): check pass; user unknown
Feb 26 04:03:26 jumpbox sshd[2205]: Failed password for invalid user admin from 31.207.47.36 port 48411 ssh2
Feb 26 04:03:26 jumpbox sshd[2205]: pam_unix(sshd:auth): check pass; user unknown
Feb 26 04:03:27 jumpbox sshd[2203]: Failed password for root from 61.177.172.24 port 54278 ssh2
Feb 26 04:03:27 jumpbox sshd[2203]: error: maximum authentication attempts exceeded for root from 61.177.172.24 port 54278 ssh2 [preauth]
Feb 26 04:03:27 jumpbox sshd[2203]: Disconnecting: Too many authentication failures [preauth]
Feb 26 04:03:27 jumpbox sshd[2203]: PAM 5 more authentication failures; logname= uid=0 euid=0 tty=ssh ruser= rhost=61.177.172.24  user=root
Feb 26 04:03:27 jumpbox sshd[2203]: PAM service(sshd) ignoring max retries; 6 > 3
Feb 26 04:03:29 jumpbox sshd[2205]: Failed password for invalid user admin from 31.207.47.36 port 48411 ssh2
Feb 26 04:03:29 jumpbox sshd[2205]: Connection closed by 31.207.47.36 port 48411 [preauth]
Feb 26 04:03:29 jumpbox sshd[2205]: PAM 4 more authentication failures; logname= uid=0 euid=0 tty=ssh ruser= rhost=31.207.47.36
Feb 26 04:03:29 jumpbox sshd[2205]: PAM service(sshd) ignoring max retries; 5 > 3
Feb 26 04:03:30 jumpbox sshd[2209]: Invalid user admin from 31.207.47.36
Feb 26 04:03:30 jumpbox sshd[2209]: input_userauth_request: invalid user admin [preauth]
Feb 26 04:03:30 jumpbox sshd[2209]: pam_unix(sshd:auth): check pass; user unknown
Feb 26 04:03:30 jumpbox sshd[2209]: pam_unix(sshd:auth): authentication failure; logname= uid=0 euid=0 tty=ssh ruser= rhost=31.207.47.36
Feb 26 04:03:31 jumpbox sshd[2207]: pam_unix(sshd:auth): authentication failure; logname= uid=0 euid=0 tty=ssh ruser= rhost=61.177.172.24  user=root
Feb 26 04:03:31 jumpbox sshd[2209]: Failed password for invalid user admin from 31.207.47.36 port 39810 ssh2
Feb 26 04:03:31 jumpbox sshd[2209]: pam_unix(sshd:auth): check pass; user unknown
Feb 26 04:03:33 jumpbox sshd[2207]: Failed password for root from 61.177.172.24 port 55756 ssh2
Feb 26 04:03:33 jumpbox sshd[2209]: Failed password for invalid user admin from 31.207.47.36 port 39810 ssh2
Feb 26 04:03:33 jumpbox sshd[2209]: Connection closed by 31.207.47.36 port 39810 [preauth]
Feb 26 04:03:33 jumpbox sshd[2209]: PAM 1 more authentication failure; logname= uid=0 euid=0 tty=ssh ruser= rhost=31.207.47.36
Feb 26 04:03:34 jumpbox sshd[2211]: Invalid user api from 31.207.47.36
Feb 26 04:03:34 jumpbox sshd[2211]: input_userauth_request: invalid user api [preauth]
Feb 26 04:03:34 jumpbox sshd[2211]: pam_unix(sshd:auth): check pass; user unknown
Feb 26 04:03:34 jumpbox sshd[2211]: pam_unix(sshd:auth): authentication failure; logname= uid=0 euid=0 tty=ssh ruser= rhost=31.207.47.36
Feb 26 04:03:36 jumpbox sshd[2207]: Failed password for root from 61.177.172.24 port 55756 ssh2
Feb 26 04:03:37 jumpbox sshd[2211]: Failed password for invalid user api from 31.207.47.36 port 52143 ssh2
Feb 26 04:03:37 jumpbox sshd[2211]: Connection closed by 31.207.47.36 port 52143 [preauth]
Feb 26 04:03:38 jumpbox sshd[2207]: Failed password for root from 61.177.172.24 port 55756 ssh2
Feb 26 04:03:38 jumpbox sshd[2213]: Invalid user dbadmin from 31.207.47.36
Feb 26 04:03:38 jumpbox sshd[2213]: input_userauth_request: invalid user dbadmin [preauth]
Feb 26 04:03:38 jumpbox sshd[2213]: pam_unix(sshd:auth): check pass; user unknown
Feb 26 04:03:38 jumpbox sshd[2213]: pam_unix(sshd:auth): authentication failure; logname= uid=0 euid=0 tty=ssh ruser= rhost=31.207.47.36
Feb 26 04:03:40 jumpbox sshd[2213]: Failed password for invalid user dbadmin from 31.207.47.36 port 43371 ssh2
Feb 26 04:03:40 jumpbox sshd[2213]: Connection closed by 31.207.47.36 port 43371 [preauth]
Feb 26 04:03:41 jumpbox sshd[2207]: Failed password for root from 61.177.172.24 port 55756 ssh2
Feb 26 04:03:47 jumpbox sshd[2207]: message repeated 2 times: [ Failed password for root from 61.177.172.24 port 55756 ssh2]
Feb 26 04:03:47 jumpbox sshd[2207]: error: maximum authentication attempts exceeded for root from 61.177.172.24 port 55756 ssh2 [preauth]
Feb 26 04:03:47 jumpbox sshd[2207]: Disconnecting: Too many authentication failures [preauth]
Feb 26 04:03:47 jumpbox sshd[2207]: PAM 5 more authentication failures; logname= uid=0 euid=0 tty=ssh ruser= rhost=61.177.172.24  user=root
Feb 26 04:03:47 jumpbox sshd[2207]: PAM service(sshd) ignoring max retries; 6 > 3
Feb 26 04:03:49 jumpbox sshd[2215]: Invalid user default from 31.207.47.36
Feb 26 04:03:49 jumpbox sshd[2215]: input_userauth_request: invalid user default [preauth]
Feb 26 04:03:49 jumpbox sshd[2215]: pam_unix(sshd:auth): check pass; user unknown
Feb 26 04:03:49 jumpbox sshd[2215]: pam_unix(sshd:auth): authentication failure; logname= uid=0 euid=0 tty=ssh ruser= rhost=31.207.47.36
Feb 26 04:03:51 jumpbox sshd[2215]: Failed password for invalid user default from 31.207.47.36 port 57847 ssh2
Feb 26 04:03:51 jumpbox sshd[2215]: Connection closed by 31.207.47.36 port 57847 [preauth]
Feb 26 04:03:52 jumpbox sshd[2217]: pam_unix(sshd:auth): authentication failure; logname= uid=0 euid=0 tty=ssh ruser= rhost=61.177.172.24  user=root
Feb 26 04:03:54 jumpbox sshd[2217]: Failed password for root from 61.177.172.24 port 63434 ssh2
Feb 26 04:03:57 jumpbox sshd[2217]: Failed password for root from 61.177.172.24 port 63434 ssh2
Feb 26 04:03:59 jumpbox sshd[2219]: Invalid user default from 31.207.47.36
Feb 26 04:03:59 jumpbox sshd[2219]: input_userauth_request: invalid user default [preauth]
Feb 26 04:03:59 jumpbox sshd[2219]: pam_unix(sshd:auth): check pass; user unknown
Feb 26 04:03:59 jumpbox sshd[2219]: pam_unix(sshd:auth): authentication failure; logname= uid=0 euid=0 tty=ssh ruser= rhost=31.207.47.36
Feb 26 04:04:00 jumpbox sshd[2217]: Failed password for root from 61.177.172.24 port 63434 ssh2
Feb 26 04:04:01 jumpbox sshd[2219]: Failed password for invalid user default from 31.207.47.36 port 50149 ssh2
Feb 26 04:04:01 jumpbox sshd[2219]: Connection closed by 31.207.47.36 port 50149 [preauth]
Feb 26 04:04:03 jumpbox sshd[2217]: Failed password for root from 61.177.172.24 port 63434 ssh2
Feb 26 04:04:06 jumpbox sshd[2217]: Failed password for root from 61.177.172.24 port 63434 ssh2
Feb 26 04:04:07 jumpbox sshd[2221]: Invalid user ftp from 31.207.47.36
Feb 26 04:04:07 jumpbox sshd[2221]: input_userauth_request: invalid user ftp [preauth]
Feb 26 04:04:07 jumpbox sshd[2221]: pam_unix(sshd:auth): check pass; user unknown
Feb 26 04:04:07 jumpbox sshd[2221]: pam_unix(sshd:auth): authentication failure; logname= uid=0 euid=0 tty=ssh ruser= rhost=31.207.47.36
Feb 26 04:04:09 jumpbox sshd[2221]: Failed password for invalid user ftp from 31.207.47.36 port 51601 ssh2
Feb 26 04:04:09 jumpbox sshd[2221]: pam_unix(sshd:auth): check pass; user unknown
Feb 26 04:04:09 jumpbox sshd[2217]: Failed password for root from 61.177.172.24 port 63434 ssh2
Feb 26 04:04:09 jumpbox sshd[2217]: error: maximum authentication attempts exceeded for root from 61.177.172.24 port 63434 ssh2 [preauth]
Feb 26 04:04:09 jumpbox sshd[2217]: Disconnecting: Too many authentication failures [preauth]
Feb 26 04:04:09 jumpbox sshd[2217]: PAM 5 more authentication failures; logname= uid=0 euid=0 tty=ssh ruser= rhost=61.177.172.24  user=root
Feb 26 04:04:09 jumpbox sshd[2217]: PAM service(sshd) ignoring max retries; 6 > 3
Feb 26 04:04:11 jumpbox sshd[2221]: Failed password for invalid user ftp from 31.207.47.36 port 51601 ssh2
Feb 26 04:04:12 jumpbox sshd[2221]: Connection closed by 31.207.47.36 port 51601 [preauth]
Feb 26 04:04:12 jumpbox sshd[2221]: PAM 1 more authentication failure; logname= uid=0 euid=0 tty=ssh ruser= rhost=31.207.47.36
Feb 26 04:04:12 jumpbox sshd[2223]: pam_unix(sshd:auth): authentication failure; logname= uid=0 euid=0 tty=ssh ruser= rhost=61.177.172.24  user=root
Feb 26 04:04:13 jumpbox sshd[2225]: Invalid user ftpuser from 31.207.47.36
Feb 26 04:04:13 jumpbox sshd[2225]: input_userauth_request: invalid user ftpuser [preauth]
Feb 26 04:04:13 jumpbox sshd[2225]: pam_unix(sshd:auth): check pass; user unknown
Feb 26 04:04:13 jumpbox sshd[2225]: pam_unix(sshd:auth): authentication failure; logname= uid=0 euid=0 tty=ssh ruser= rhost=31.207.47.36
Feb 26 04:04:14 jumpbox sshd[2223]: Failed password for root from 61.177.172.24 port 10670 ssh2
Feb 26 04:04:15 jumpbox sshd[2225]: Failed password for invalid user ftpuser from 31.207.47.36 port 50080 ssh2
Feb 26 04:04:15 jumpbox sshd[2225]: Connection closed by 31.207.47.36 port 50080 [preauth]
Feb 26 04:04:17 jumpbox sshd[2223]: Failed password for root from 61.177.172.24 port 10670 ssh2
Feb 26 04:04:19 jumpbox sshd[2227]: Invalid user git from 31.207.47.36
Feb 26 04:04:19 jumpbox sshd[2227]: input_userauth_request: invalid user git [preauth]
Feb 26 04:04:19 jumpbox sshd[2227]: pam_unix(sshd:auth): check pass; user unknown
Feb 26 04:04:19 jumpbox sshd[2227]: pam_unix(sshd:auth): authentication failure; logname= uid=0 euid=0 tty=ssh ruser= rhost=31.207.47.36
Feb 26 04:04:20 jumpbox sshd[2223]: Failed password for root from 61.177.172.24 port 10670 ssh2
Feb 26 04:04:21 jumpbox sshd[2227]: Failed password for invalid user git from 31.207.47.36 port 56242 ssh2
Feb 26 04:04:21 jumpbox sshd[2227]: Connection closed by 31.207.47.36 port 56242 [preauth]
