Feb 26 04:04:23 jumpbox sshd[2223]: Failed password for root from 61.177.172.24 port 10670 ssh2
Feb 26 04:04:24 jumpbox sshd[2229]: Connection closed by 31.207.47.36 port 34219 [preauth]
Feb 26 04:04:25 jumpbox sshd[2231]: Invalid user gpadmin from 31.207.47.36
Feb 26 04:04:25 jumpbox sshd[2231]: input_userauth_request: invalid user gpadmin [preauth]
Feb 26 04:04:25 jumpbox sshd[2231]: pam_unix(sshd:auth): check pass; user unknown
Feb 26 04:04:25 jumpbox sshd[2231]: pam_unix(sshd:auth): authentication failure; logname= uid=0 euid=0 tty=ssh ruser= rhost=31.207.47.36
Feb 26 04:04:26 jumpbox sshd[2223]: Failed password for root from 61.177.172.24 port 10670 ssh2
Feb 26 04:04:27 jumpbox sshd[2231]: Failed password for invalid user gpadmin from 31.207.47.36 port 44025 ssh2
Feb 26 04:04:28 jumpbox sshd[2231]: Connection closed by 31.207.47.36 port 44025 [preauth]
Feb 26 04:04:28 jumpbox sshd[2223]: Failed password for root from 61.177.172.24 port 10670 ssh2
Feb 26 04:04:28 jumpbox sshd[2223]: error: maximum authentication attempts exceeded for root from 61.177.172.24 port 10670 ssh2 [preauth]
Feb 26 04:04:28 jumpbox sshd[2223]: Disconnecting: Too many authentication failures [preauth]
Feb 26 04:04:28 jumpbox sshd[2223]: PAM 5 more authentication failures; logname= uid=0 euid=0 tty=ssh ruser= rhost=61.177.172.24  user=root
Feb 26 04:04:28 jumpbox sshd[2223]: PAM service(sshd) ignoring max retries; 6 > 3
Feb 26 04:04:32 jumpbox sshd[2235]: pam_unix(sshd:auth): authentication failure; logname= uid=0 euid=0 tty=ssh ruser= rhost=61.177.172.24  user=root
Feb 26 04:04:35 jumpbox sshd[2235]: Failed password for root from 61.177.172.24 port 10976 ssh2
Feb 26 04:04:38 jumpbox sshd[2235]: Failed password for root from 61.177.172.24 port 10976 ssh2
Feb 26 04:04:39 jumpbox sshd[2233]: Invalid user guest from 31.207.47.36
Feb 26 04:04:39 jumpbox sshd[2233]: input_userauth_request: invalid user guest [preauth]
Feb 26 04:04:39 jumpbox sshd[2233]: pam_unix(sshd:auth): check pass; user unknown
Feb 26 04:04:39 jumpbox sshd[2233]: pam_unix(sshd:auth): authentication failure; logname= uid=0 euid=0 tty=ssh ruser= rhost=31.207.47.36
Feb 26 04:04:42 jumpbox sshd[2235]: Failed password for root from 61.177.172.24 port 10976 ssh2
Feb 26 04:04:42 jumpbox sshd[2233]: Failed password for invalid user guest from 31.207.47.36 port 59590 ssh2
Feb 26 04:04:42 jumpbox sshd[2233]: Connection closed by 31.207.47.36 port 59590 [preauth]
Feb 26 04:04:44 jumpbox sshd[2235]: Failed password for root from 61.177.172.24 port 10976 ssh2
Feb 26 04:04:45 jumpbox sshd[2237]: Invalid user monitor from 31.207.47.36
Feb 26 04:04:45 jumpbox sshd[2237]: input_userauth_request: invalid user monitor [preauth]
Feb 26 04:04:45 jumpbox sshd[2237]: Failed none for invalid user monitor from 31.207.47.36 port 52983 ssh2
Feb 26 04:04:45 jumpbox sshd[2237]: pam_unix(sshd:auth): check pass; user unknown
Feb 26 04:04:45 jumpbox sshd[2237]: pam_unix(sshd:auth): authentication failure; logname= uid=0 euid=0 tty=ssh ruser= rhost=31.207.47.36
Feb 26 04:04:47 jumpbox sshd[2235]: Failed password for root from 61.177.172.24 port 10976 ssh2
Feb 26 04:04:47 jumpbox sshd[2237]: Failed password for invalid user monitor from 31.207.47.36 port 52983 ssh2
Feb 26 04:04:47 jumpbox sshd[2237]: Connection closed by 31.207.47.36 port 52983 [preauth]
Feb 26 04:04:48 jumpbox sshd[2239]: Invalid user mysql from 31.207.47.36
Feb 26 04:04:48 jumpbox sshd[2239]: input_userauth_request: invalid user mysql [preauth]
Feb 26 04:04:48 jumpbox sshd[2239]: pam_unix(sshd:auth): check pass; user unknown
Feb 26 04:04:48 jumpbox sshd[2239]: pam_unix(sshd:auth): authentication failure; logname= uid=0 euid=0 tty=ssh ruser= rhost=31.207.47.36
Feb 26 04:04:50 jumpbox sshd[2235]: Failed password for root from 61.177.172.24 port 10976 ssh2
Feb 26 04:04:50 jumpbox sshd[2235]: error: maximum authentication attempts exceeded for root from 61.177.172.24 port 10976 ssh2 [preauth]
Feb 26 04:04:50 jumpbox sshd[2235]: Disconnecting: Too many authentication failures [preauth]
Feb 26 04:04:50 jumpbox sshd[2235]: PAM 5 more authentication failures; logname= uid=0 euid=0 tty=ssh ruser= rhost=61.177.172.24  user=root
Feb 26 04:04:50 jumpbox sshd[2235]: PAM service(sshd) ignoring max retries; 6 > 3
Feb 26 04:04:50 jumpbox sshd[2239]: Failed password for invalid user mysql from 31.207.47.36 port 45705 ssh2
Feb 26 04:04:50 jumpbox sshd[2239]: Connection closed by 31.207.47.36 port 45705 [preauth]
Feb 26 04:04:53 jumpbox sshd[2241]: Invalid user mysql from 31.207.47.36
Feb 26 04:04:53 jumpbox sshd[2241]: input_userauth_request: invalid user mysql [preauth]
Feb 26 04:04:53 jumpbox sshd[2241]: pam_unix(sshd:auth): check pass; user unknown
Feb 26 04:04:53 jumpbox sshd[2241]: pam_unix(sshd:auth): authentication failure; logname= uid=0 euid=0 tty=ssh ruser= rhost=31.207.47.36
Feb 26 04:04:54 jumpbox sshd[2243]: pam_unix(sshd:auth): authentication failure; logname= uid=0 euid=0 tty=ssh ruser= rhost=61.177.172.24  user=root
Feb 26 04:04:55 jumpbox sshd[2243]: Failed password for root from 61.177.172.24 port 21364 ssh2
Feb 26 04:04:55 jumpbox sshd[2241]: Failed password for invalid user mysql from 31.207.47.36 port 52208 ssh2
Feb 26 04:04:55 jumpbox sshd[2241]: Connection closed by 31.207.47.36 port 52208 [preauth]
Feb 26 04:04:57 jumpbox sshd[2245]: Invalid user operator from 31.207.47.36
Feb 26 04:04:57 jumpbox sshd[2245]: input_userauth_request: invalid user operator [preauth]
Feb 26 04:04:57 jumpbox sshd[2245]: pam_unix(sshd:auth): check pass; user unknown
Feb 26 04:04:57 jumpbox sshd[2245]: pam_unix(sshd:auth): authentication failure; logname= uid=0 euid=0 tty=ssh ruser= rhost=31.207.47.36
Feb 26 04:04:58 jumpbox sshd[2243]: Failed password for root from 61.177.172.24 port 21364 ssh2
Feb 26 04:04:59 jumpbox sshd[2245]: Failed password for invalid user operator from 31.207.47.36 port 37498 ssh2
Feb 26 04:05:00 jumpbox sshd[2245]: Connection closed by 31.207.47.36 port 37498 [preauth]
Feb 26 04:05:00 jumpbox sshd[2247]: Invalid user osmc from 31.207.47.36
Feb 26 04:05:00 jumpbox sshd[2247]: input_userauth_request: invalid user osmc [preauth]
Feb 26 04:05:00 jumpbox sshd[2247]: pam_unix(sshd:auth): check pass; user unknown
Feb 26 04:05:00 jumpbox sshd[2247]: pam_unix(sshd:auth): authentication failure; logname= uid=0 euid=0 tty=ssh ruser= rhost=31.207.47.36
Feb 26 04:05:02 jumpbox sshd[2243]: Failed password for root from 61.177.172.24 port 21364 ssh2
Feb 26 04:05:02 jumpbox sshd[2247]: Failed password for invalid user osmc from 31.207.47.36 port 54497 ssh2
Feb 26 04:05:02 jumpbox sshd[2247]: Connection closed by 31.207.47.36 port 54497 [preauth]
Feb 26 04:05:03 jumpbox sshd[2249]: Invalid user pi from 31.207.47.36
Feb 26 04:05:03 jumpbox sshd[2249]: input_userauth_request: invalid user pi [preauth]
Feb 26 04:05:03 jumpbox sshd[2249]: pam_unix(sshd:auth): check pass; user unknown
Feb 26 04:05:03 jumpbox sshd[2249]: pam_unix(sshd:auth): authentication failure; logname= uid=0 euid=0 tty=ssh ruser= rhost=31.207.47.36
Feb 26 04:05:05 jumpbox sshd[2243]: Failed password for root from 61.177.172.24 port 21364 ssh2
Feb 26 04:05:06 jumpbox sshd[2249]: Failed password for invalid user pi from 31.207.47.36 port 38052 ssh2
Feb 26 04:05:06 jumpbox sshd[2249]: Connection closed by 31.207.47.36 port 38052 [preauth]
Feb 26 04:05:08 jumpbox sshd[2243]: Failed password for root from 61.177.172.24 port 21364 ssh2
Feb 26 04:05:08 jumpbox sshd[2251]: Connection closed by 31.207.47.36 port 39340 [preauth]
Feb 26 04:05:11 jumpbox sshd[2243]: Failed password for root from 61.177.172.24 port 21364 ssh2
Feb 26 04:05:11 jumpbox sshd[2243]: error: maximum authentication attempts exceeded for root from 61.177.172.24 port 21364 ssh2 [preauth]
Feb 26 04:05:11 jumpbox sshd[2243]: Disconnecting: Too many authentication failures [preauth]
Feb 26 04:05:11 jumpbox sshd[2243]: PAM 5 more authentication failures; logname= uid=0 euid=0 tty=ssh ruser= rhost=61.177.172.24  user=root
Feb 26 04:05:11 jumpbox sshd[2243]: PAM service(sshd) ignoring max retries; 6 > 3
Feb 26 04:05:15 jumpbox sshd[2253]: pam_unix(sshd:auth): authentication failure; logname= uid=0 euid=0 tty=ssh ruser= rhost=31.207.47.36  user=root
Feb 26 04:05:15 jumpbox sshd[2255]: pam_unix(sshd:auth): authentication failure; logname= uid=0 euid=0 tty=ssh ruser= rhost=61.177.172.24  user=root
Feb 26 04:05:17 jumpbox sshd[2253]: Failed password for root from 31.207.47.36 port 46814 ssh2
Feb 26 04:05:17 jumpbox sshd[2255]: Failed password for root from 61.177.172.24 port 30286 ssh2
Feb 26 04:05:20 jumpbox sshd[2255]: Failed password for root from 61.177.172.24 port 30286 ssh2
Feb 26 04:05:20 jumpbox sshd[2253]: Failed password for root from 31.207.47.36 port 46814 ssh2
Feb 26 04:05:23 jumpbox sshd[2255]: Failed password for root from 61.177.172.24 port 30286 ssh2
Feb 26 04:05:26 jumpbox sshd[2255]: Failed password for root from 61.177.172.24 port 30286 ssh2
Feb 26 04:05:29 jumpbox sshd[2253]: Failed password for root from 31.207.47.36 port 46814 ssh2
Feb 26 04:05:29 jumpbox sshd[2255]: Failed password for root from 61.177.172.24 port 30286 ssh2
Feb 26 04:05:32 jumpbox sshd[2253]: Failed password for root from 31.207.47.36 port 46814 ssh2
Feb 26 04:05:32 jumpbox sshd[2255]: Failed password for root from 61.177.172.24 port 30286 ssh2
Feb 26 04:05:32 jumpbox sshd[2255]: error: maximum authentication attempts exceeded for root from 61.177.172.24 port 30286 ssh2 [preauth]
Feb 26 04:05:32 jumpbox sshd[2255]: Disconnecting: Too many authentication failures [preauth]
Feb 26 04:05:32 jumpbox sshd[2255]: PAM 5 more authentication failures; logname= uid=0 euid=0 tty=ssh ruser= rhost=61.177.172.24  user=root
Feb 26 04:05:32 jumpbox sshd[2255]: PAM service(sshd) ignoring max retries; 6 > 3
Feb 26 04:05:35 jumpbox sshd[2257]: pam_unix(sshd:auth): authentication failure; logname= uid=0 euid=0 tty=ssh ruser= rhost=61.177.172.24  user=root
Feb 26 04:05:36 jumpbox sshd[2253]: Failed password for root from 31.207.47.36 port 46814 ssh2
Feb 26 04:05:37 jumpbox sshd[2257]: Failed password for root from 61.177.172.24 port 37218 ssh2
Feb 26 04:05:39 jumpbox sshd[2253]: Connection closed by 31.207.47.36 port 46814 [preauth]
Feb 26 04:05:39 jumpbox sshd[2253]: PAM 4 more authentication failures; logname= uid=0 euid=0 tty=ssh ruser= rhost=31.207.47.36  user=root
Feb 26 04:05:39 jumpbox sshd[2253]: PAM service(sshd) ignoring max retries; 5 > 3
Feb 26 04:05:41 jumpbox sshd[2257]: Failed password for root from 61.177.172.24 port 37218 ssh2
Feb 26 04:05:47 jumpbox sshd[2257]: message repeated 2 times: [ Failed password for root from 61.177.172.24 port 37218 ssh2]
Feb 26 04:05:47 jumpbox sshd[2259]: pam_unix(sshd:auth): authentication failure; logname= uid=0 euid=0 tty=ssh ruser= rhost=31.207.47.36  user=root
Feb 26 04:05:49 jumpbox sshd[2259]: Failed password for root from 31.207.47.36 port 57142 ssh2
Feb 26 04:05:50 jumpbox sshd[2257]: Failed password for root from 61.177.172.24 port 37218 ssh2
Feb 26 04:05:53 jumpbox sshd[2259]: Failed password for root from 31.207.47.36 port 57142 ssh2
Feb 26 04:05:53 jumpbox sshd[2257]: Failed password for root from 61.177.172.24 port 37218 ssh2
Feb 26 04:05:53 jumpbox sshd[2257]: error: maximum authentication attempts exceeded for root from 61.177.172.24 port 37218 ssh2 [preauth]
Feb 26 04:05:53 jumpbox sshd[2257]: Disconnecting: Too many authentication failures [preauth]
Feb 26 04:05:53 jumpbox sshd[2257]: PAM 5 more authentication failures; logname= uid=0 euid=0 tty=ssh ruser= rhost=61.177.172.24  user=root
Feb 26 04:05:53 jumpbox sshd[2257]: PAM service(sshd) ignoring max retries; 6 > 3
Feb 26 04:05:56 jumpbox sshd[2261]: pam_unix(sshd:auth): authentication failure; logname= uid=0 euid=0 tty=ssh ruser= rhost=61.177.172.24  user=root
Feb 26 04:05:58 jumpbox sshd[2261]: Failed password for root from 61.177.172.24 port 50312 ssh2
Feb 26 04:06:00 jumpbox sshd[2261]: Failed password for root from 61.177.172.24 port 50312 ssh2
Feb 26 04:06:01 jumpbox sshd[2259]: Failed password for root from 31.207.47.36 port 57142 ssh2
Feb 26 04:06:03 jumpbox sshd[2259]: Failed password for root from 31.207.47.36 port 57142 ssh2
Feb 26 04:06:03 jumpbox sshd[2259]: Connection closed by 31.207.47.36 port 57142 [preauth]
Feb 26 04:06:03 jumpbox sshd[2259]: PAM 3 more authentication failures; logname= uid=0 euid=0 tty=ssh ruser= rhost=31.207.47.36  user=root
Feb 26 04:06:03 jumpbox sshd[2259]: PAM service(sshd) ignoring max retries; 4 > 3
Feb 26 04:06:03 jumpbox sshd[2261]: Failed password for root from 61.177.172.24 port 50312 ssh2
Feb 26 04:06:09 jumpbox sshd[2261]: message repeated 2 times: [ Failed password for root from 61.177.172.24 port 50312 ssh2]
Feb 26 04:06:10 jumpbox sshd[2263]: Invalid user service from 31.207.47.36
Feb 26 04:06:10 jumpbox sshd[2263]: input_userauth_request: invalid user service [preauth]
Feb 26 04:06:10 jumpbox sshd[2263]: pam_unix(sshd:auth): check pass; user unknown
Feb 26 04:06:10 jumpbox sshd[2263]: pam_unix(sshd:auth): authentication failure; logname= uid=0 euid=0 tty=ssh ruser= rhost=31.207.47.36
Feb 26 04:06:11 jumpbox sshd[2261]: Failed password for root from 61.177.172.24 port 50312 ssh2
Feb 26 04:06:11 jumpbox sshd[2261]: error: maximum authentication attempts exceeded for root from 61.177.172.24 port 50312 ssh2 [preauth]
Feb 26 04:06:11 jumpbox sshd[2261]: Disconnecting: Too many authentication failures [preauth]
Feb 26 04:06:11 jumpbox sshd[2261]: PAM 5 more authentication failures; logname= uid=0 euid=0 tty=ssh ruser= rhost=61.177.172.24  user=root
Feb 26 04:06:11 jumpbox sshd[2261]: PAM service(sshd) ignoring max retries; 6 > 3
Feb 26 04:06:12 jumpbox sshd[2263]: Failed password for invalid user service from 31.207.47.36 port 42982 ssh2
Feb 26 04:06:12 jumpbox sshd[2263]: Connection closed by 31.207.47.36 port 42982 [preauth]
Feb 26 04:06:14 jumpbox sshd[2267]: pam_unix(sshd:auth): authentication failure; logname= uid=0 euid=0 tty=ssh ruser= rhost=61.177.172.24  user=root
Feb 26 04:06:16 jumpbox sshd[2267]: Failed password for root from 61.177.172.24 port 51644 ssh2
Feb 26 04:06:18 jumpbox sshd[2265]: Connection closed by 31.207.47.36 port 48169 [preauth]
Feb 26 04:06:20 jumpbox sshd[2267]: Failed password for root from 61.177.172.24 port 51644 ssh2
Feb 26 04:06:29 jumpbox sshd[2267]: message repeated 3 times: [ Failed password for root from 61.177.172.24 port 51644 ssh2]
Feb 26 04:06:31 jumpbox sshd[2269]: Invalid user support from 31.207.47.36
Feb 26 04:06:31 jumpbox sshd[2269]: input_userauth_request: invalid user support [preauth]
Feb 26 04:06:31 jumpbox sshd[2269]: pam_unix(sshd:auth): check pass; user unknown
Feb 26 04:06:31 jumpbox sshd[2269]: pam_unix(sshd:auth): authentication failure; logname= uid=0 euid=0 tty=ssh ruser= rhost=31.207.47.36
Feb 26 04:06:32 jumpbox sshd[2267]: Failed password for root from 61.177.172.24 port 51644 ssh2
Feb 26 04:06:32 jumpbox sshd[2267]: error: maximum authentication attempts exceeded for root from 61.177.172.24 port 51644 ssh2 [preauth]
Feb 26 04:06:32 jumpbox sshd[2267]: Disconnecting: Too many authentication failures [preauth]
Feb 26 04:06:32 jumpbox sshd[2267]: PAM 5 more authentication failures; logname= uid=0 euid=0 tty=ssh ruser= rhost=61.177.172.24  user=root
Feb 26 04:06:32 jumpbox sshd[2267]: PAM service(sshd) ignoring max retries; 6 > 3
Feb 26 04:06:32 jumpbox sshd[2269]: Failed password for invalid user support from 31.207.47.36 port 33143 ssh2
Feb 26 04:06:32 jumpbox sshd[2269]: Connection closed by 31.207.47.36 port 33143 [preauth]
Feb 26 04:06:35 jumpbox sshd[2273]: pam_unix(sshd:auth): authentication failure; logname= uid=0 euid=0 tty=ssh ruser= rhost=61.177.172.24  user=root
Feb 26 04:06:38 jumpbox sshd[2273]: Failed password for root from 61.177.172.24 port 58264 ssh2
Feb 26 04:06:49 jumpbox sshd[2273]: message repeated 4 times: [ Failed password for root from 61.177.172.24 port 58264 ssh2]
Feb 26 04:06:51 jumpbox sshd[2271]: Invalid user sysadmin from 31.207.47.36
Feb 26 04:06:51 jumpbox sshd[2271]: input_userauth_request: invalid user sysadmin [preauth]
Feb 26 04:06:51 jumpbox sshd[2271]: pam_unix(sshd:auth): check pass; user unknown
Feb 26 04:06:51 jumpbox sshd[2271]: pam_unix(sshd:auth): authentication failure; logname= uid=0 euid=0 tty=ssh ruser= rhost=31.207.47.36
Feb 26 04:06:52 jumpbox sshd[2273]: Failed password for root from 61.177.172.24 port 58264 ssh2
Feb 26 04:06:52 jumpbox sshd[2273]: error: maximum authentication attempts exceeded for root from 61.177.172.24 port 58264 ssh2 [preauth]
Feb 26 04:06:52 jumpbox sshd[2273]: Disconnecting: Too many authentication failures [preauth]
Feb 26 04:06:52 jumpbox sshd[2273]: PAM 5 more authentication failures; logname= uid=0 euid=0 tty=ssh ruser= rhost=61.177.172.24  user=root
Feb 26 04:06:52 jumpbox sshd[2273]: PAM service(sshd) ignoring max retries; 6 > 3
Feb 26 04:06:53 jumpbox sshd[2271]: Failed password for invalid user sysadmin from 31.207.47.36 port 60732 ssh2
Feb 26 04:06:55 jumpbox sshd[2271]: Connection closed by 31.207.47.36 port 60732 [preauth]
Feb 26 04:06:55 jumpbox sshd[2275]: pam_unix(sshd:auth): authentication failure; logname= uid=0 euid=0 tty=ssh ruser= rhost=61.177.172.24  user=root
Feb 26 04:06:56 jumpbox sshd[2275]: Failed password for root from 61.177.172.24 port 64926 ssh2
Feb 26 04:06:59 jumpbox sshd[2275]: Failed password for root from 61.177.172.24 port 64926 ssh2
Feb 26 04:07:01 jumpbox sshd[2277]: Invalid user telecomadmin from 31.207.47.36
Feb 26 04:07:01 jumpbox sshd[2277]: input_userauth_request: invalid user telecomadmin [preauth]
Feb 26 04:07:01 jumpbox sshd[2277]: pam_unix(sshd:auth): check pass; user unknown
Feb 26 04:07:01 jumpbox sshd[2277]: pam_unix(sshd:auth): authentication failure; logname= uid=0 euid=0 tty=ssh ruser= rhost=31.207.47.36
Feb 26 04:07:01 jumpbox sshd[2275]: Failed password for root from 61.177.172.24 port 64926 ssh2
Feb 26 04:07:03 jumpbox sshd[2277]: Failed password for invalid user telecomadmin from 31.207.47.36 port 46802 ssh2
Feb 26 04:07:03 jumpbox sshd[2277]: Connection closed by 31.207.47.36 port 46802 [preauth]
Feb 26 04:07:04 jumpbox sshd[2275]: Failed password for root from 61.177.172.24 port 64926 ssh2
Feb 26 04:07:07 jumpbox sshd[2279]: Invalid user telnet from 31.207.47.36
Feb 26 04:07:07 jumpbox sshd[2279]: input_userauth_request: invalid user telnet [preauth]
Feb 26 04:07:07 jumpbox sshd[2279]: pam_unix(sshd:auth): check pass; user unknown
Feb 26 04:07:07 jumpbox sshd[2279]: pam_unix(sshd:auth): authentication failure; logname= uid=0 euid=0 tty=ssh ruser= rhost=31.207.47.36
Feb 26 04:07:07 jumpbox sshd[2275]: Failed password for root from 61.177.172.24 port 64926 ssh2
Feb 26 04:07:09 jumpbox sshd[2279]: Failed password for invalid user telnet from 31.207.47.36 port 48725 ssh2
Feb 26 04:07:09 jumpbox sshd[2275]: Failed password for root from 61.177.172.24 port 64926 ssh2
Feb 26 04:07:09 jumpbox sshd[2275]: error: maximum authentication attempts exceeded for root from 61.177.172.24 port 64926 ssh2 [preauth]
Feb 26 04:07:09 jumpbox sshd[2275]: Disconnecting: Too many authentication failures [preauth]
Feb 26 04:07:09 jumpbox sshd[2275]: PAM 5 more authentication failures; logname= uid=0 euid=0 tty=ssh ruser= rhost=61.177.172.24  user=root
Feb 26 04:07:09 jumpbox sshd[2275]: PAM service(sshd) ignoring max retries; 6 > 3
Feb 26 04:07:10 jumpbox sshd[2279]: Connection closed by 31.207.47.36 port 48725 [preauth]
Feb 26 04:07:13 jumpbox sshd[2283]: pam_unix(sshd:auth): authentication failure; logname= uid=0 euid=0 tty=ssh ruser= rhost=61.177.172.24  user=root
Feb 26 04:07:15 jumpbox sshd[2283]: Failed password for root from 61.177.172.24 port 1900 ssh2
Feb 26 04:07:18 jumpbox sshd[2283]: Failed password for root from 61.177.172.24 port 1900 ssh2
Feb 26 04:07:19 jumpbox sshd[2281]: Invalid user test from 31.207.47.36
Feb 26 04:07:19 jumpbox sshd[2281]: input_userauth_request: invalid user test [preauth]
Feb 26 04:07:19 jumpbox sshd[2281]: pam_unix(sshd:auth): check pass; user unknown
Feb 26 04:07:19 jumpbox sshd[2281]: pam_unix(sshd:auth): authentication failure; logname= uid=0 euid=0 tty=ssh ruser= rhost=31.207.47.36
Feb 26 04:07:20 jumpbox sshd[2281]: Failed password for invalid user test from 31.207.47.36 port 50781 ssh2
Feb 26 04:07:20 jumpbox sshd[2283]: Failed password for root from 61.177.172.24 port 1900 ssh2
Feb 26 04:07:21 jumpbox sshd[2281]: Connection closed by 31.207.47.36 port 50781 [preauth]
Feb 26 04:07:24 jumpbox sshd[2283]: Failed password for root from 61.177.172.24 port 1900 ssh2
Feb 26 04:07:29 jumpbox sshd[2283]: message repeated 2 times: [ Failed password for root from 61.177.172.24 port 1900 ssh2]
Feb 26 04:07:29 jumpbox sshd[2283]: error: maximum authentication attempts exceeded for root from 61.177.172.24 port 1900 ssh2 [preauth]
Feb 26 04:07:29 jumpbox sshd[2283]: Disconnecting: Too many authentication failures [preauth]
Feb 26 04:07:29 jumpbox sshd[2283]: PAM 5 more authentication failures; logname= uid=0 euid=0 tty=ssh ruser= rhost=61.177.172.24  user=root
Feb 26 04:07:29 jumpbox sshd[2283]: PAM service(sshd) ignoring max retries; 6 > 3
Feb 26 04:07:31 jumpbox sshd[2285]: Connection closed by 31.207.47.36 port 44864 [preauth]
Feb 26 04:07:32 jumpbox sshd[2287]: pam_unix(sshd:auth): authentication failure; logname= uid=0 euid=0 tty=ssh ruser= rhost=61.177.172.24  user=root
Feb 26 04:07:34 jumpbox sshd[2287]: Failed password for root from 61.177.172.24 port 9650 ssh2
Feb 26 04:07:34 jumpbox sshd[2289]: Invalid user ubnt from 31.207.47.36
Feb 26 04:07:34 jumpbox sshd[2289]: input_userauth_request: invalid user ubnt [preauth]
Feb 26 04:07:34 jumpbox sshd[2289]: pam_unix(sshd:auth): check pass; user unknown
Feb 26 04:07:34 jumpbox sshd[2289]: pam_unix(sshd:auth): authentication failure; logname= uid=0 euid=0 tty=ssh ruser= rhost=31.207.47.36
Feb 26 04:07:36 jumpbox sshd[2289]: Failed password for invalid user ubnt from 31.207.47.36 port 60241 ssh2
Feb 26 04:07:36 jumpbox sshd[2289]: Connection closed by 31.207.47.36 port 60241 [preauth]
Feb 26 04:07:37 jumpbox sshd[2287]: Failed password for root from 61.177.172.24 port 9650 ssh2
Feb 26 04:07:38 jumpbox sshd[2291]: Invalid user user from 31.207.47.36
Feb 26 04:07:38 jumpbox sshd[2291]: input_userauth_request: invalid user user [preauth]
Feb 26 04:07:38 jumpbox sshd[2291]: pam_unix(sshd:auth): check pass; user unknown
Feb 26 04:07:38 jumpbox sshd[2291]: pam_unix(sshd:auth): authentication failure; logname= uid=0 euid=0 tty=ssh ruser= rhost=31.207.47.36
Feb 26 04:07:39 jumpbox sshd[2287]: Failed password for root from 61.177.172.24 port 9650 ssh2
Feb 26 04:07:39 jumpbox sshd[2291]: Failed password for invalid user user from 31.207.47.36 port 40222 ssh2
Feb 26 04:07:40 jumpbox sshd[2291]: pam_unix(sshd:auth): check pass; user unknown
Feb 26 04:07:42 jumpbox sshd[2291]: Failed password for invalid user user from 31.207.47.36 port 40222 ssh2
Feb 26 04:07:42 jumpbox sshd[2291]: pam_unix(sshd:auth): check pass; user unknown
Feb 26 04:07:42 jumpbox sshd[2287]: Failed password for root from 61.177.172.24 port 9650 ssh2
Feb 26 04:07:43 jumpbox sshd[2291]: Failed password for invalid user user from 31.207.47.36 port 40222 ssh2
Feb 26 04:07:43 jumpbox sshd[2291]: Connection closed by 31.207.47.36 port 40222 [preauth]
Feb 26 04:07:43 jumpbox sshd[2291]: PAM 2 more authentication failures; logname= uid=0 euid=0 tty=ssh ruser= rhost=31.207.47.36
Feb 26 04:07:44 jumpbox sshd[2293]: Invalid user user1 from 31.207.47.36
Feb 26 04:07:44 jumpbox sshd[2293]: input_userauth_request: invalid user user1 [preauth]
Feb 26 04:07:44 jumpbox sshd[2293]: pam_unix(sshd:auth): check pass; user unknown
Feb 26 04:07:44 jumpbox sshd[2293]: pam_unix(sshd:auth): authentication failure; logname= uid=0 euid=0 tty=ssh ruser= rhost=31.207.47.36
Feb 26 04:07:44 jumpbox sshd[2287]: Failed password for root from 61.177.172.24 port 9650 ssh2
Feb 26 04:07:45 jumpbox sshd[2293]: Failed password for invalid user user1 from 31.207.47.36 port 41442 ssh2
Feb 26 04:07:45 jumpbox sshd[2293]: Connection closed by 31.207.47.36 port 41442 [preauth]
Feb 26 04:07:46 jumpbox sshd[2295]: Connection closed by 31.207.47.36 port 49499 [preauth]
Feb 26 04:07:48 jumpbox sshd[2287]: Failed password for root from 61.177.172.24 port 9650 ssh2
Feb 26 04:07:48 jumpbox sshd[2287]: error: maximum authentication attempts exceeded for root from 61.177.172.24 port 9650 ssh2 [preauth]
Feb 26 04:07:48 jumpbox sshd[2287]: Disconnecting: Too many authentication failures [preauth]
Feb 26 04:07:48 jumpbox sshd[2287]: PAM 5 more authentication failures; logname= uid=0 euid=0 tty=ssh ruser= rhost=61.177.172.24  user=root
Feb 26 04:07:48 jumpbox sshd[2287]: PAM service(sshd) ignoring max retries; 6 > 3
Feb 26 04:07:51 jumpbox sshd[2297]: pam_unix(sshd:auth): authentication failure; logname= uid=0 euid=0 tty=ssh ruser= rhost=61.177.172.24  user=root
Feb 26 04:07:53 jumpbox sshd[2297]: Failed password for root from 61.177.172.24 port 13662 ssh2
Feb 26 04:08:09 jumpbox sshd[2297]: message repeated 5 times: [ Failed password for root from 61.177.172.24 port 13662 ssh2]
Feb 26 04:08:09 jumpbox sshd[2297]: error: maximum authentication attempts exceeded for root from 61.177.172.24 port 13662 ssh2 [preauth]
Feb 26 04:08:09 jumpbox sshd[2297]: Disconnecting: Too many authentication failures [preauth]
Feb 26 04:08:09 jumpbox sshd[2297]: PAM 5 more authentication failures; logname= uid=0 euid=0 tty=ssh ruser= rhost=61.177.172.24  user=root
Feb 26 04:08:09 jumpbox sshd[2297]: PAM service(sshd) ignoring max retries; 6 > 3
Feb 26 04:08:13 jumpbox sshd[2299]: pam_unix(sshd:auth): authentication failure; logname= uid=0 euid=0 tty=ssh ruser= rhost=61.177.172.24  user=root
Feb 26 04:08:15 jumpbox sshd[2299]: Failed password for root from 61.177.172.24 port 30610 ssh2
Feb 26 04:08:28 jumpbox sshd[2299]: message repeated 5 times: [ Failed password for root from 61.177.172.24 port 30610 ssh2]
Feb 26 04:08:28 jumpbox sshd[2299]: error: maximum authentication attempts exceeded for root from 61.177.172.24 port 30610 ssh2 [preauth]
Feb 26 04:08:28 jumpbox sshd[2299]: Disconnecting: Too many authentication failures [preauth]
Feb 26 04:08:28 jumpbox sshd[2299]: PAM 5 more authentication failures; logname= uid=0 euid=0 tty=ssh ruser= rhost=61.177.172.24  user=root
Feb 26 04:08:28 jumpbox sshd[2299]: PAM service(sshd) ignoring max retries; 6 > 3
Feb 26 04:08:32 jumpbox sshd[2301]: pam_unix(sshd:auth): authentication failure; logname= uid=0 euid=0 tty=ssh ruser= rhost=61.177.172.24  user=root
Feb 26 04:08:34 jumpbox sshd[2301]: Failed password for root from 61.177.172.24 port 36058 ssh2
Feb 26 04:08:49 jumpbox sshd[2301]: message repeated 5 times: [ Failed password for root from 61.177.172.24 port 36058 ssh2]
Feb 26 04:08:49 jumpbox sshd[2301]: error: maximum authentication attempts exceeded for root from 61.177.172.24 port 36058 ssh2 [preauth]
Feb 26 04:08:49 jumpbox sshd[2301]: Disconnecting: Too many authentication failures [preauth]
Feb 26 04:08:49 jumpbox sshd[2301]: PAM 5 more authentication failures; logname= uid=0 euid=0 tty=ssh ruser= rhost=61.177.172.24  user=root
Feb 26 04:08:49 jumpbox sshd[2301]: PAM service(sshd) ignoring max retries; 6 > 3
Feb 26 04:08:52 jumpbox sshd[2303]: pam_unix(sshd:auth): authentication failure; logname= uid=0 euid=0 tty=ssh ruser= rhost=61.177.172.24  user=root
Feb 26 04:08:54 jumpbox sshd[2303]: Failed password for root from 61.177.172.24 port 41006 ssh2
Feb 26 04:09:06 jumpbox sshd[2303]: message repeated 5 times: [ Failed password for root from 61.177.172.24 port 41006 ssh2]
Feb 26 04:09:06 jumpbox sshd[2303]: error: maximum authentication attempts exceeded for root from 61.177.172.24 port 41006 ssh2 [preauth]
Feb 26 04:09:06 jumpbox sshd[2303]: Disconnecting: Too many authentication failures [preauth]
Feb 26 04:09:06 jumpbox sshd[2303]: PAM 5 more authentication failures; logname= uid=0 euid=0 tty=ssh ruser= rhost=61.177.172.24  user=root
Feb 26 04:09:06 jumpbox sshd[2303]: PAM service(sshd) ignoring max retries; 6 > 3
Feb 26 04:09:11 jumpbox sshd[2305]: pam_unix(sshd:auth): authentication failure; logname= uid=0 euid=0 tty=ssh ruser= rhost=61.177.172.24  user=root
Feb 26 04:09:13 jumpbox sshd[2305]: Failed password for root from 61.177.172.24 port 42548 ssh2
Feb 26 04:09:27 jumpbox sshd[2305]: message repeated 5 times: [ Failed password for root from 61.177.172.24 port 42548 ssh2]
Feb 26 04:09:27 jumpbox sshd[2305]: error: maximum authentication attempts exceeded for root from 61.177.172.24 port 42548 ssh2 [preauth]
Feb 26 04:09:27 jumpbox sshd[2305]: Disconnecting: Too many authentication failures [preauth]
Feb 26 04:09:27 jumpbox sshd[2305]: PAM 5 more authentication failures; logname= uid=0 euid=0 tty=ssh ruser= rhost=61.177.172.24  user=root
Feb 26 04:09:27 jumpbox sshd[2305]: PAM service(sshd) ignoring max retries; 6 > 3
Feb 26 04:09:31 jumpbox sshd[2307]: pam_unix(sshd:auth): authentication failure; logname= uid=0 euid=0 tty=ssh ruser= rhost=61.177.172.24  user=root
Feb 26 04:09:32 jumpbox sshd[2307]: Failed password for root from 61.177.172.24 port 53484 ssh2
Feb 26 04:09:46 jumpbox sshd[2307]: message repeated 5 times: [ Failed password for root from 61.177.172.24 port 53484 ssh2]
Feb 26 04:09:46 jumpbox sshd[2307]: error: maximum authentication attempts exceeded for root from 61.177.172.24 port 53484 ssh2 [preauth]
Feb 26 04:09:46 jumpbox sshd[2307]: Disconnecting: Too many authentication failures [preauth]
Feb 26 04:09:46 jumpbox sshd[2307]: PAM 5 more authentication failures; logname= uid=0 euid=0 tty=ssh ruser= rhost=61.177.172.24  user=root
Feb 26 04:09:46 jumpbox sshd[2307]: PAM service(sshd) ignoring max retries; 6 > 3
Feb 26 04:09:50 jumpbox sshd[2309]: pam_unix(sshd:auth): authentication failure; logname= uid=0 euid=0 tty=ssh ruser= rhost=61.177.172.24  user=root
Feb 26 04:09:52 jumpbox sshd[2309]: Failed password for root from 61.177.172.24 port 57802 ssh2
Feb 26 04:10:07 jumpbox sshd[2309]: message repeated 5 times: [ Failed password for root from 61.177.172.24 port 57802 ssh2]
Feb 26 04:10:07 jumpbox sshd[2309]: error: maximum authentication attempts exceeded for root from 61.177.172.24 port 57802 ssh2 [preauth]
Feb 26 04:10:07 jumpbox sshd[2309]: Disconnecting: Too many authentication failures [preauth]
Feb 26 04:10:07 jumpbox sshd[2309]: PAM 5 more authentication failures; logname= uid=0 euid=0 tty=ssh ruser= rhost=61.177.172.24  user=root
Feb 26 04:10:07 jumpbox sshd[2309]: PAM service(sshd) ignoring max retries; 6 > 3
Feb 26 04:10:10 jumpbox sshd[2311]: pam_unix(sshd:auth): authentication failure; logname= uid=0 euid=0 tty=ssh ruser= rhost=61.177.172.24  user=root
Feb 26 04:10:12 jumpbox sshd[2311]: Failed password for root from 61.177.172.24 port 4570 ssh2
Feb 26 04:10:26 jumpbox sshd[2311]: message repeated 5 times: [ Failed password for root from 61.177.172.24 port 4570 ssh2]
Feb 26 04:10:26 jumpbox sshd[2311]: error: maximum authentication attempts exceeded for root from 61.177.172.24 port 4570 ssh2 [preauth]
Feb 26 04:10:26 jumpbox sshd[2311]: Disconnecting: Too many authentication failures [preauth]
Feb 26 04:10:26 jumpbox sshd[2311]: PAM 5 more authentication failures; logname= uid=0 euid=0 tty=ssh ruser= rhost=61.177.172.24  user=root
Feb 26 04:10:26 jumpbox sshd[2311]: PAM service(sshd) ignoring max retries; 6 > 3
Feb 26 04:10:30 jumpbox sshd[2313]: pam_unix(sshd:auth): authentication failure; logname= uid=0 euid=0 tty=ssh ruser= rhost=61.177.172.24  user=root
Feb 26 04:10:31 jumpbox sshd[2313]: Failed password for root from 61.177.172.24 port 9184 ssh2
Feb 26 04:10:47 jumpbox sshd[2313]: message repeated 5 times: [ Failed password for root from 61.177.172.24 port 9184 ssh2]
Feb 26 04:10:47 jumpbox sshd[2313]: error: maximum authentication attempts exceeded for root from 61.177.172.24 port 9184 ssh2 [preauth]
Feb 26 04:10:47 jumpbox sshd[2313]: Disconnecting: Too many authentication failures [preauth]
Feb 26 04:10:47 jumpbox sshd[2313]: PAM 5 more authentication failures; logname= uid=0 euid=0 tty=ssh ruser= rhost=61.177.172.24  user=root
Feb 26 04:10:47 jumpbox sshd[2313]: PAM service(sshd) ignoring max retries; 6 > 3
Feb 26 04:10:51 jumpbox sshd[2315]: pam_unix(sshd:auth): authentication failure; logname= uid=0 euid=0 tty=ssh ruser= rhost=61.177.172.24  user=root
Feb 26 04:10:53 jumpbox sshd[2315]: Failed password for root from 61.177.172.24 port 19822 ssh2
Feb 26 04:11:08 jumpbox sshd[2315]: message repeated 5 times: [ Failed password for root from 61.177.172.24 port 19822 ssh2]
Feb 26 04:11:08 jumpbox sshd[2315]: error: maximum authentication attempts exceeded for root from 61.177.172.24 port 19822 ssh2 [preauth]
Feb 26 04:11:08 jumpbox sshd[2315]: Disconnecting: Too many authentication failures [preauth]
Feb 26 04:11:08 jumpbox sshd[2315]: PAM 5 more authentication failures; logname= uid=0 euid=0 tty=ssh ruser= rhost=61.177.172.24  user=root
Feb 26 04:11:08 jumpbox sshd[2315]: PAM service(sshd) ignoring max retries; 6 > 3
Feb 26 04:11:11 jumpbox sshd[2317]: pam_unix(sshd:auth): authentication failure; logname= uid=0 euid=0 tty=ssh ruser= rhost=61.177.172.24  user=root
Feb 26 04:11:13 jumpbox sshd[2317]: Failed password for root from 61.177.172.24 port 28930 ssh2
Feb 26 04:11:27 jumpbox sshd[2317]: message repeated 5 times: [ Failed password for root from 61.177.172.24 port 28930 ssh2]
Feb 26 04:11:27 jumpbox sshd[2317]: error: maximum authentication attempts exceeded for root from 61.177.172.24 port 28930 ssh2 [preauth]
Feb 26 04:11:27 jumpbox sshd[2317]: Disconnecting: Too many authentication failures [preauth]
Feb 26 04:11:27 jumpbox sshd[2317]: PAM 5 more authentication failures; logname= uid=0 euid=0 tty=ssh ruser= rhost=61.177.172.24  user=root
Feb 26 04:11:27 jumpbox sshd[2317]: PAM service(sshd) ignoring max retries; 6 > 3
Feb 26 04:11:31 jumpbox sshd[2319]: pam_unix(sshd:auth): authentication failure; logname= uid=0 euid=0 tty=ssh ruser= rhost=61.177.172.24  user=root
Feb 26 04:11:33 jumpbox sshd[2319]: Failed password for root from 61.177.172.24 port 33842 ssh2
Feb 26 04:11:48 jumpbox sshd[2319]: message repeated 5 times: [ Failed password for root from 61.177.172.24 port 33842 ssh2]
Feb 26 04:11:48 jumpbox sshd[2319]: error: maximum authentication attempts exceeded for root from 61.177.172.24 port 33842 ssh2 [preauth]
Feb 26 04:11:48 jumpbox sshd[2319]: Disconnecting: Too many authentication failures [preauth]
Feb 26 04:11:48 jumpbox sshd[2319]: PAM 5 more authentication failures; logname= uid=0 euid=0 tty=ssh ruser= rhost=61.177.172.24  user=root
Feb 26 04:11:48 jumpbox sshd[2319]: PAM service(sshd) ignoring max retries; 6 > 3
Feb 26 04:11:52 jumpbox sshd[2321]: pam_unix(sshd:auth): authentication failure; logname= uid=0 euid=0 tty=ssh ruser= rhost=61.177.172.24  user=root
Feb 26 04:11:55 jumpbox sshd[2321]: Failed password for root from 61.177.172.24 port 45306 ssh2
Feb 26 04:12:11 jumpbox sshd[2321]: message repeated 5 times: [ Failed password for root from 61.177.172.24 port 45306 ssh2]
Feb 26 04:12:11 jumpbox sshd[2321]: error: maximum authentication attempts exceeded for root from 61.177.172.24 port 45306 ssh2 [preauth]
Feb 26 04:12:11 jumpbox sshd[2321]: Disconnecting: Too many authentication failures [preauth]
Feb 26 04:12:11 jumpbox sshd[2321]: PAM 5 more authentication failures; logname= uid=0 euid=0 tty=ssh ruser= rhost=61.177.172.24  user=root
Feb 26 04:12:11 jumpbox sshd[2321]: PAM service(sshd) ignoring max retries; 6 > 3
Feb 26 04:12:15 jumpbox sshd[2323]: pam_unix(sshd:auth): authentication failure; logname= uid=0 euid=0 tty=ssh ruser= rhost=61.177.172.24  user=root
Feb 26 04:12:18 jumpbox sshd[2323]: Failed password for root from 61.177.172.24 port 1128 ssh2
Feb 26 04:12:31 jumpbox sshd[2323]: message repeated 5 times: [ Failed password for root from 61.177.172.24 port 1128 ssh2]
Feb 26 04:12:31 jumpbox sshd[2323]: error: maximum authentication attempts exceeded for root from 61.177.172.24 port 1128 ssh2 [preauth]
Feb 26 04:12:31 jumpbox sshd[2323]: Disconnecting: Too many authentication failures [preauth]
Feb 26 04:12:31 jumpbox sshd[2323]: PAM 5 more authentication failures; logname= uid=0 euid=0 tty=ssh ruser= rhost=61.177.172.24  user=root
Feb 26 04:12:31 jumpbox sshd[2323]: PAM service(sshd) ignoring max retries; 6 > 3
Feb 26 04:16:06 jumpbox sshd[2325]: pam_unix(sshd:auth): authentication failure; logname= uid=0 euid=0 tty=ssh ruser= rhost=122.100.185.237  user=root
Feb 26 04:16:06 jumpbox sshd[2326]: pam_unix(sshd:auth): authentication failure; logname= uid=0 euid=0 tty=ssh ruser= rhost=122.100.185.237  user=root
Feb 26 04:16:07 jumpbox sshd[2325]: Failed password for root from 122.100.185.237 port 40164 ssh2
Feb 26 04:16:07 jumpbox sshd[2326]: Failed password for root from 122.100.185.237 port 40178 ssh2
Feb 26 04:16:10 jumpbox sshd[2325]: Failed password for root from 122.100.185.237 port 40164 ssh2
Feb 26 04:16:10 jumpbox sshd[2326]: Failed password for root from 122.100.185.237 port 40178 ssh2
Feb 26 04:16:12 jumpbox sshd[2325]: Failed password for root from 122.100.185.237 port 40164 ssh2
Feb 26 04:16:12 jumpbox sshd[2326]: Failed password for root from 122.100.185.237 port 40178 ssh2
Feb 26 04:16:14 jumpbox sshd[2325]: Failed password for root from 122.100.185.237 port 40164 ssh2
Feb 26 04:16:14 jumpbox sshd[2326]: Failed password for root from 122.100.185.237 port 40178 ssh2
Feb 26 04:16:17 jumpbox sshd[2325]: Failed password for root from 122.100.185.237 port 40164 ssh2
Feb 26 04:16:17 jumpbox sshd[2326]: Failed password for root from 122.100.185.237 port 40178 ssh2
Feb 26 04:16:19 jumpbox sshd[2325]: Failed password for root from 122.100.185.237 port 40164 ssh2
Feb 26 04:16:19 jumpbox sshd[2325]: error: maximum authentication attempts exceeded for root from 122.100.185.237 port 40164 ssh2 [preauth]
Feb 26 04:16:19 jumpbox sshd[2325]: Disconnecting: Too many authentication failures [preauth]
Feb 26 04:16:19 jumpbox sshd[2325]: PAM 5 more authentication failures; logname= uid=0 euid=0 tty=ssh ruser= rhost=122.100.185.237  user=root
Feb 26 04:16:19 jumpbox sshd[2325]: PAM service(sshd) ignoring max retries; 6 > 3
Feb 26 04:16:19 jumpbox sshd[2326]: Failed password for root from 122.100.185.237 port 40178 ssh2
Feb 26 04:16:19 jumpbox sshd[2326]: error: maximum authentication attempts exceeded for root from 122.100.185.237 port 40178 ssh2 [preauth]
Feb 26 04:16:19 jumpbox sshd[2326]: Disconnecting: Too many authentication failures [preauth]
Feb 26 04:16:19 jumpbox sshd[2326]: PAM 5 more authentication failures; logname= uid=0 euid=0 tty=ssh ruser= rhost=122.100.185.237  user=root
Feb 26 04:16:19 jumpbox sshd[2326]: PAM service(sshd) ignoring max retries; 6 > 3
Feb 26 04:17:01 jumpbox CRON[2329]: pam_unix(cron:session): session opened for user root by (uid=0)
Feb 26 04:17:01 jumpbox CRON[2329]: pam_unix(cron:session): session closed for user root
Feb 26 04:22:03 jumpbox sshd[2332]: Connection closed by 64.179.211.161 port 62729 [preauth]
Feb 26 04:32:12 jumpbox sshd[2334]: pam_unix(sshd:auth): authentication failure; logname= uid=0 euid=0 tty=ssh ruser= rhost=61.177.172.24  user=root
Feb 26 04:32:14 jumpbox sshd[2334]: Failed password for root from 61.177.172.24 port 35100 ssh2
Feb 26 04:32:30 jumpbox sshd[2334]: message repeated 5 times: [ Failed password for root from 61.177.172.24 port 35100 ssh2]
Feb 26 04:32:30 jumpbox sshd[2334]: error: maximum authentication attempts exceeded for root from 61.177.172.24 port 35100 ssh2 [preauth]
Feb 26 04:32:30 jumpbox sshd[2334]: Disconnecting: Too many authentication failures [preauth]
Feb 26 04:32:30 jumpbox sshd[2334]: PAM 5 more authentication failures; logname= uid=0 euid=0 tty=ssh ruser= rhost=61.177.172.24  user=root
Feb 26 04:32:30 jumpbox sshd[2334]: PAM service(sshd) ignoring max retries; 6 > 3
Feb 26 04:32:32 jumpbox sshd[2336]: Invalid user admin from 84.61.11.231
Feb 26 04:32:32 jumpbox sshd[2336]: input_userauth_request: invalid user admin [preauth]
Feb 26 04:32:32 jumpbox sshd[2336]: pam_unix(sshd:auth): check pass; user unknown
Feb 26 04:32:32 jumpbox sshd[2336]: pam_unix(sshd:auth): authentication failure; logname= uid=0 euid=0 tty=ssh ruser= rhost=84.61.11.231
Feb 26 04:32:34 jumpbox sshd[2336]: Failed password for invalid user admin from 84.61.11.231 port 1803 ssh2
Feb 26 04:32:35 jumpbox sshd[2336]: pam_unix(sshd:auth): check pass; user unknown
Feb 26 04:32:35 jumpbox sshd[2338]: pam_unix(sshd:auth): authentication failure; logname= uid=0 euid=0 tty=ssh ruser= rhost=61.177.172.24  user=root
Feb 26 04:32:36 jumpbox sshd[2336]: Failed password for invalid user admin from 84.61.11.231 port 1803 ssh2
Feb 26 04:32:36 jumpbox sshd[2336]: pam_unix(sshd:auth): check pass; user unknown
Feb 26 04:32:36 jumpbox sshd[2338]: Failed password for root from 61.177.172.24 port 55616 ssh2
Feb 26 04:32:38 jumpbox sshd[2336]: Failed password for invalid user admin from 84.61.11.231 port 1803 ssh2
Feb 26 04:32:38 jumpbox sshd[2336]: pam_unix(sshd:auth): check pass; user unknown
Feb 26 04:32:39 jumpbox sshd[2338]: Failed password for root from 61.177.172.24 port 55616 ssh2
Feb 26 04:32:40 jumpbox sshd[2336]: Failed password for invalid user admin from 84.61.11.231 port 1803 ssh2
Feb 26 04:32:40 jumpbox sshd[2336]: pam_unix(sshd:auth): check pass; user unknown
Feb 26 04:32:42 jumpbox sshd[2338]: Failed password for root from 61.177.172.24 port 55616 ssh2
Feb 26 04:32:42 jumpbox sshd[2336]: Failed password for invalid user admin from 84.61.11.231 port 1803 ssh2
Feb 26 04:32:42 jumpbox sshd[2336]: pam_unix(sshd:auth): check pass; user unknown
Feb 26 04:32:44 jumpbox sshd[2336]: Failed password for invalid user admin from 84.61.11.231 port 1803 ssh2
Feb 26 04:32:44 jumpbox sshd[2336]: error: maximum authentication attempts exceeded for invalid user admin from 84.61.11.231 port 1803 ssh2 [preauth]
Feb 26 04:32:44 jumpbox sshd[2336]: Disconnecting: Too many authentication failures [preauth]
Feb 26 04:32:44 jumpbox sshd[2336]: PAM 5 more authentication failures; logname= uid=0 euid=0 tty=ssh ruser= rhost=84.61.11.231
Feb 26 04:32:44 jumpbox sshd[2336]: PAM service(sshd) ignoring max retries; 6 > 3
Feb 26 04:32:45 jumpbox sshd[2338]: Failed password for root from 61.177.172.24 port 55616 ssh2
Feb 26 04:32:51 jumpbox sshd[2338]: message repeated 2 times: [ Failed password for root from 61.177.172.24 port 55616 ssh2]
Feb 26 04:32:51 jumpbox sshd[2338]: error: maximum authentication attempts exceeded for root from 61.177.172.24 port 55616 ssh2 [preauth]
Feb 26 04:32:51 jumpbox sshd[2338]: Disconnecting: Too many authentication failures [preauth]
Feb 26 04:32:51 jumpbox sshd[2338]: PAM 5 more authentication failures; logname= uid=0 euid=0 tty=ssh ruser= rhost=61.177.172.24  user=root
Feb 26 04:32:51 jumpbox sshd[2338]: PAM service(sshd) ignoring max retries; 6 > 3
Feb 26 04:32:54 jumpbox sshd[2340]: pam_unix(sshd:auth): authentication failure; logname= uid=0 euid=0 tty=ssh ruser= rhost=61.177.172.24  user=root
Feb 26 04:32:56 jumpbox sshd[2340]: Failed password for root from 61.177.172.24 port 64608 ssh2
Feb 26 04:33:09 jumpbox sshd[2340]: message repeated 5 times: [ Failed password for root from 61.177.172.24 port 64608 ssh2]
Feb 26 04:33:09 jumpbox sshd[2340]: error: maximum authentication attempts exceeded for root from 61.177.172.24 port 64608 ssh2 [preauth]
Feb 26 04:33:09 jumpbox sshd[2340]: Disconnecting: Too many authentication failures [preauth]
Feb 26 04:33:09 jumpbox sshd[2340]: PAM 5 more authentication failures; logname= uid=0 euid=0 tty=ssh ruser= rhost=61.177.172.24  user=root
Feb 26 04:33:09 jumpbox sshd[2340]: PAM service(sshd) ignoring max retries; 6 > 3
Feb 26 04:33:18 jumpbox sshd[2342]: pam_unix(sshd:auth): authentication failure; logname= uid=0 euid=0 tty=ssh ruser= rhost=61.177.172.24  user=root
Feb 26 04:33:20 jumpbox sshd[2342]: Failed password for root from 61.177.172.24 port 63782 ssh2
Feb 26 04:33:36 jumpbox sshd[2342]: message repeated 5 times: [ Failed password for root from 61.177.172.24 port 63782 ssh2]
Feb 26 04:33:36 jumpbox sshd[2342]: error: maximum authentication attempts exceeded for root from 61.177.172.24 port 63782 ssh2 [preauth]
Feb 26 04:33:36 jumpbox sshd[2342]: Disconnecting: Too many authentication failures [preauth]
Feb 26 04:33:36 jumpbox sshd[2342]: PAM 5 more authentication failures; logname= uid=0 euid=0 tty=ssh ruser= rhost=61.177.172.24  user=root
Feb 26 04:33:36 jumpbox sshd[2342]: PAM service(sshd) ignoring max retries; 6 > 3
Feb 26 04:33:39 jumpbox sshd[2344]: pam_unix(sshd:auth): authentication failure; logname= uid=0 euid=0 tty=ssh ruser= rhost=61.177.172.24  user=root
Feb 26 04:33:41 jumpbox sshd[2344]: Failed password for root from 61.177.172.24 port 36112 ssh2
Feb 26 04:33:55 jumpbox sshd[2344]: message repeated 5 times: [ Failed password for root from 61.177.172.24 port 36112 ssh2]
Feb 26 04:33:55 jumpbox sshd[2344]: error: maximum authentication attempts exceeded for root from 61.177.172.24 port 36112 ssh2 [preauth]
Feb 26 04:33:55 jumpbox sshd[2344]: Disconnecting: Too many authentication failures [preauth]
Feb 26 04:33:55 jumpbox sshd[2344]: PAM 5 more authentication failures; logname= uid=0 euid=0 tty=ssh ruser= rhost=61.177.172.24  user=root
Feb 26 04:33:55 jumpbox sshd[2344]: PAM service(sshd) ignoring max retries; 6 > 3
Feb 26 04:33:58 jumpbox sshd[2346]: pam_unix(sshd:auth): authentication failure; logname= uid=0 euid=0 tty=ssh ruser= rhost=61.177.172.24  user=root
Feb 26 04:34:00 jumpbox sshd[2346]: Failed password for root from 61.177.172.24 port 39572 ssh2
Feb 26 04:34:12 jumpbox sshd[2346]: message repeated 5 times: [ Failed password for root from 61.177.172.24 port 39572 ssh2]
Feb 26 04:34:12 jumpbox sshd[2346]: error: maximum authentication attempts exceeded for root from 61.177.172.24 port 39572 ssh2 [preauth]
Feb 26 04:34:12 jumpbox sshd[2346]: Disconnecting: Too many authentication failures [preauth]
Feb 26 04:34:12 jumpbox sshd[2346]: PAM 5 more authentication failures; logname= uid=0 euid=0 tty=ssh ruser= rhost=61.177.172.24  user=root
Feb 26 04:34:12 jumpbox sshd[2346]: PAM service(sshd) ignoring max retries; 6 > 3
Feb 26 04:34:16 jumpbox sshd[2348]: pam_unix(sshd:auth): authentication failure; logname= uid=0 euid=0 tty=ssh ruser= rhost=61.177.172.24  user=root
Feb 26 04:34:19 jumpbox sshd[2348]: Failed password for root from 61.177.172.24 port 37242 ssh2
Feb 26 04:34:33 jumpbox sshd[2348]: message repeated 5 times: [ Failed password for root from 61.177.172.24 port 37242 ssh2]
Feb 26 04:34:33 jumpbox sshd[2348]: error: maximum authentication attempts exceeded for root from 61.177.172.24 port 37242 ssh2 [preauth]
Feb 26 04:34:33 jumpbox sshd[2348]: Disconnecting: Too many authentication failures [preauth]
Feb 26 04:34:33 jumpbox sshd[2348]: PAM 5 more authentication failures; logname= uid=0 euid=0 tty=ssh ruser= rhost=61.177.172.24  user=root
Feb 26 04:34:33 jumpbox sshd[2348]: PAM service(sshd) ignoring max retries; 6 > 3
Feb 26 04:34:37 jumpbox sshd[2350]: pam_unix(sshd:auth): authentication failure; logname= uid=0 euid=0 tty=ssh ruser= rhost=61.177.172.24  user=root
Feb 26 04:34:39 jumpbox sshd[2350]: Failed password for root from 61.177.172.24 port 54822 ssh2
Feb 26 04:34:54 jumpbox sshd[2350]: message repeated 5 times: [ Failed password for root from 61.177.172.24 port 54822 ssh2]
Feb 26 04:34:54 jumpbox sshd[2350]: error: maximum authentication attempts exceeded for root from 61.177.172.24 port 54822 ssh2 [preauth]
Feb 26 04:34:54 jumpbox sshd[2350]: Disconnecting: Too many authentication failures [preauth]
Feb 26 04:34:54 jumpbox sshd[2350]: PAM 5 more authentication failures; logname= uid=0 euid=0 tty=ssh ruser= rhost=61.177.172.24  user=root
Feb 26 04:34:54 jumpbox sshd[2350]: PAM service(sshd) ignoring max retries; 6 > 3
Feb 26 04:34:57 jumpbox sshd[2352]: pam_unix(sshd:auth): authentication failure; logname= uid=0 euid=0 tty=ssh ruser= rhost=61.177.172.24  user=root
Feb 26 04:34:59 jumpbox sshd[2352]: Failed password for root from 61.177.172.24 port 64726 ssh2
Feb 26 04:35:12 jumpbox sshd[2352]: message repeated 5 times: [ Failed password for root from 61.177.172.24 port 64726 ssh2]
Feb 26 04:35:12 jumpbox sshd[2352]: error: maximum authentication attempts exceeded for root from 61.177.172.24 port 64726 ssh2 [preauth]
Feb 26 04:35:12 jumpbox sshd[2352]: Disconnecting: Too many authentication failures [preauth]
Feb 26 04:35:12 jumpbox sshd[2352]: PAM 5 more authentication failures; logname= uid=0 euid=0 tty=ssh ruser= rhost=61.177.172.24  user=root
Feb 26 04:35:12 jumpbox sshd[2352]: PAM service(sshd) ignoring max retries; 6 > 3
Feb 26 04:35:15 jumpbox sshd[2354]: pam_unix(sshd:auth): authentication failure; logname= uid=0 euid=0 tty=ssh ruser= rhost=61.177.172.24  user=root
Feb 26 04:35:17 jumpbox sshd[2354]: Failed password for root from 61.177.172.24 port 2336 ssh2
Feb 26 04:35:31 jumpbox sshd[2354]: message repeated 5 times: [ Failed password for root from 61.177.172.24 port 2336 ssh2]
Feb 26 04:35:31 jumpbox sshd[2354]: error: maximum authentication attempts exceeded for root from 61.177.172.24 port 2336 ssh2 [preauth]
Feb 26 04:35:31 jumpbox sshd[2354]: Disconnecting: Too many authentication failures [preauth]
Feb 26 04:35:31 jumpbox sshd[2354]: PAM 5 more authentication failures; logname= uid=0 euid=0 tty=ssh ruser= rhost=61.177.172.24  user=root
Feb 26 04:35:31 jumpbox sshd[2354]: PAM service(sshd) ignoring max retries; 6 > 3
Feb 26 04:35:34 jumpbox sshd[2356]: pam_unix(sshd:auth): authentication failure; logname= uid=0 euid=0 tty=ssh ruser= rhost=61.177.172.24  user=root
Feb 26 04:35:37 jumpbox sshd[2356]: Failed password for root from 61.177.172.24 port 7320 ssh2
Feb 26 04:35:51 jumpbox sshd[2356]: message repeated 5 times: [ Failed password for root from 61.177.172.24 port 7320 ssh2]
Feb 26 04:35:51 jumpbox sshd[2356]: error: maximum authentication attempts exceeded for root from 61.177.172.24 port 7320 ssh2 [preauth]
Feb 26 04:35:51 jumpbox sshd[2356]: Disconnecting: Too many authentication failures [preauth]
